******************************************************************************
                  TI ARM Linker PC v20.2.7                     
******************************************************************************
>> Linked Tue Aug 29 15:34:20 2023

OUTPUT FILE NAME:   <step15.out>
ENTRY POINT SYMBOL: "_c_int00_noargs"  address: 00000e99


MEMORY CONFIGURATION

         name            origin    length      used     unused   attr    fill
----------------------  --------  ---------  --------  --------  ----  --------
  FLASH                 00000000   00040000  00001112  0003eeee  R  X
  SRAM                  20000000   00008000  0000046c  00007b94  RW X


SEGMENT ALLOCATION MAP

run origin  load origin   length   init length attrs members
----------  ----------- ---------- ----------- ----- -------
00000000    00000000    00001114   00001114    r-x
  00000000    00000000    0000026c   0000026c    r-- .intvecs
  0000026c    0000026c    00000cee   00000cee    r-x .text
  00000f5c    00000f5c    000001a4   000001a4    r-- .const
  00001100    00001100    00000014   00000014    r-- .cinit
20000000    20000000    00000470   00000000    rw-
  20000000    20000000    0000026c   00000000    rw- .vtable
  20000270    20000270    00000200   00000000    rw- .stack


SECTION ALLOCATION MAP

 output                                  attributes/
section   page    origin      length       input sections
--------  ----  ----------  ----------   ----------------
.intvecs   0    00000000    0000026c     
                  00000000    0000026c     tm4c123gh6pm_startup_ccs.obj (.intvecs)

.text      0    0000026c    00000cee     
                  0000026c    000006b4     step15.obj (.text)
                  00000920    0000016c     driverlib.lib : gpio.obj (.text:GPIOPadConfigSet)
                  00000a8c    00000118                   : sysctl.obj (.text:SysCtlClockGet)
                  00000ba4    000000f4                   : sysctl.obj (.text:SysCtlClockSet)
                  00000c98    00000068                   : interrupt.obj (.text:IntDisable)
                  00000d00    00000068                   : interrupt.obj (.text:IntEnable)
                  00000d68    0000004c                   : gpio.obj (.text:GPIOPinConfigure)
                  00000db4    00000044     rtsv7M4_T_le_v4SPD16_eabi.lib : autoinit.c.obj (.text:__TI_auto_init_nobinit_nopinit:__TI_auto_init_nobinit_nopinit)
                  00000df8    00000038     driverlib.lib : sysctl.obj (.text:SysCtlPeripheralReady)
                  00000e30    00000034                   : interrupt.obj (.text:IntRegister)
                  00000e64    00000034                   : sysctl.obj (.text:SysCtlPeripheralEnable)
                  00000e98    00000034     rtsv7M4_T_le_v4SPD16_eabi.lib : boot_cortex_m.c.obj (.text:_c_int00_noargs:_c_int00_noargs)
                  00000ecc    0000002c     driverlib.lib : gpio.obj (.text:GPIODirModeSet)
                  00000ef8    0000001c     rtsv7M4_T_le_v4SPD16_eabi.lib : copy_zero_init.c.obj (.text:decompress:ZI:__TI_zero_init_nomemset:__TI_zero_init_nomemset)
                  00000f14    00000016     driverlib.lib : gpio.obj (.text:GPIOPinTypeUART)
                  00000f2a    00000002                   : interrupt.obj (.text:_IntDefaultHandler)
                  00000f2c    00000014                   : interrupt.obj (.text:IntUnregister)
                  00000f40    0000000c     tm4c123gh6pm_startup_ccs.obj (.text)
                  00000f4c    00000006     driverlib.lib : sysctl.obj (.text:SysCtlDelay)
                  00000f52    00000004     rtsv7M4_T_le_v4SPD16_eabi.lib : pre_init.c.obj (.text:_system_pre_init)
                  00000f56    00000004                                   : exit.c.obj (.text:abort:abort)

.const     0    00000f5c    000001a4     
                  00000f5c    00000090     driverlib.lib : gpio.obj (.const:g_pui32GPIOBaseAddrs)
                  00000fec    0000006c                   : sysctl.obj (.const:g_pui32Xtals)
                  00001058    00000040     step15.obj (.const:g_ppui32UARTIntMap)
                  00001098    00000040     step15.obj (.const:g_ppui32UARTIntMapSnowflake)
                  000010d8    00000014     driverlib.lib : interrupt.obj (.const:g_pui32Dii16Regs)
                  000010ec    00000014                   : interrupt.obj (.const:g_pui32EnRegs)

.cinit     0    00001100    00000014     
                  00001100    00000008     (.cinit..vtable.load) [load image, compression = zero_init]
                  00001108    00000004     (__TI_handler_table)
                  0000110c    00000008     (__TI_cinit_table)

.init_array 
*          0    00000000    00000000     UNINITIALIZED

.vtable    0    20000000    0000026c     UNINITIALIZED
                  20000000    0000026c     driverlib.lib : interrupt.obj (.vtable)

.stack     0    20000270    00000200     UNINITIALIZED
                  20000270    00000004     rtsv7M4_T_le_v4SPD16_eabi.lib : boot_cortex_m.c.obj (.stack)
                  20000274    000001fc     --HOLE--

__llvm_prf_cnts 
*          0    20000000    00000000     UNINITIALIZED

MODULE SUMMARY

       Module                         code   ro data   rw data
       ------                         ----   -------   -------
    .\
       step15.obj                     1716   128       0      
       tm4c123gh6pm_startup_ccs.obj   12     620       0      
    +--+------------------------------+------+---------+---------+
       Total:                         1728   748       0      
                                                              
    ../driverlib.lib
       interrupt.obj                  282    40        620    
       sysctl.obj                     638    108       0      
       gpio.obj                       506    144       0      
    +--+------------------------------+------+---------+---------+
       Total:                         1426   292       620    
                                                              
    C:\ti\ccs1240\ccs\tools\compiler\ti-cgt-arm_20.2.7.LTS\lib\rtsv7M4_T_le_v4SPD16_eabi.lib
       autoinit.c.obj                 68     0         0      
       boot_cortex_m.c.obj            52     0         0      
       copy_zero_init.c.obj           28     0         0      
       exit.c.obj                     4      0         0      
       pre_init.c.obj                 4      0         0      
    +--+------------------------------+------+---------+---------+
       Total:                         156    0         0      
                                                              
       Stack:                         0      0         512    
       Linker Generated:              0      20        0      
    +--+------------------------------+------+---------+---------+
       Grand Total:                   3310   1060      1132   


LINKER GENERATED COPY TABLES

__TI_cinit_table @ 0000110c records: 1, size/record: 8, table size: 8
	.vtable: load addr=00001100, load size=00000008 bytes, run addr=20000000, run size=0000026c bytes, compression=zero_init


LINKER GENERATED HANDLER TABLE

__TI_handler_table @ 00001108 records: 1, size/record: 4, table size: 4
	index: 0, handler: __TI_zero_init


GLOBAL SYMBOLS: SORTED ALPHABETICALLY BY Name 

address   name                          
-------   ----                          
00000f57  C$$EXIT                       
00000ecd  GPIODirModeSet                
00000921  GPIOPadConfigSet              
00000d69  GPIOPinConfigure              
00000f15  GPIOPinTypeUART               
00000c99  IntDisable                    
00000d01  IntEnable                     
00000e31  IntRegister                   
00000f2d  IntUnregister                 
00000f41  ResetISR                      
00000a8d  SysCtlClockGet                
00000ba5  SysCtlClockSet                
00000f4d  SysCtlDelay                   
00000e65  SysCtlPeripheralEnable        
00000df9  SysCtlPeripheralReady         
0000083d  UART9BitAddrSend              
00000817  UART9BitAddrSet               
00000801  UART9BitDisable               
000007eb  UART9BitEnable                
0000068f  UARTBreakCtl                  
000006b9  UARTBusy                      
00000637  UARTCharGet                   
0000061b  UARTCharGetNonBlocking        
00000671  UARTCharPut                   
0000064d  UARTCharPutNonBlocking        
000005df  UARTCharsAvail                
000007db  UARTClockSourceGet            
000007c7  UARTClockSourceSet            
000003af  UARTConfigGetExpClk           
00000339  UARTConfigSetExpClk           
0000078d  UARTDMADisable                
00000775  UARTDMAEnable                 
0000041f  UARTDisable                   
000004a3  UARTDisableSIR                
000003fb  UARTEnable                    
00000475  UARTEnableSIR                 
0000045f  UARTFIFODisable               
00000449  UARTFIFOEnable                
00000311  UARTFIFOLevelGet              
000002f9  UARTFIFOLevelSet              
0000059f  UARTFlowControlGet            
00000583  UARTFlowControlSet            
00000763  UARTIntClear                  
0000072d  UARTIntDisable                
00000715  UARTIntEnable                 
000006d7  UARTIntRegister               
00000745  UARTIntStatus                 
000006f5  UARTIntUnregister             
00000885  UARTLoopbackEnable            
00000539  UARTModemControlClear         
0000055d  UARTModemControlGet           
00000501  UARTModemControlSet           
0000056f  UARTModemStatusGet            
000002e7  UARTParityModeGet             
000002cb  UARTParityModeSet             
000007b7  UARTRxErrorClear              
000007a5  UARTRxErrorGet                
000004eb  UARTSmartCardDisable          
000004b9  UARTSmartCardEnable           
000005fd  UARTSpaceAvail                
000005cd  UARTTxIntModeGet              
000005b1  UARTTxIntModeSet              
20000470  __STACK_END                   
00000200  __STACK_SIZE                  
20000470  __STACK_TOP                   
0000110c  __TI_CINIT_Base               
00001114  __TI_CINIT_Limit              
00001108  __TI_Handler_Table_Base       
0000110c  __TI_Handler_Table_Limit      
00000db5  __TI_auto_init_nobinit_nopinit
ffffffff  __TI_pprof_out_hndl           
ffffffff  __TI_prof_data_size           
ffffffff  __TI_prof_data_start          
00000000  __TI_static_base__            
00000ef9  __TI_zero_init_nomemset       
ffffffff  __binit__                     
ffffffff  __c_args__                    
UNDEFED   __mpu_init                    
20000270  __stack                       
20000000  __start___llvm_prf_cnts       
20000000  __stop___llvm_prf_cnts        
00000e99  _c_int00_noargs               
UNDEFED   _system_post_cinit            
00000f53  _system_pre_init              
00000f57  abort                         
ffffffff  binit                         
20000000  g_pfnRAMVectors               
00000000  g_pfnVectors                  
0000089b  main                          


GLOBAL SYMBOLS: SORTED BY Symbol Address 

address   name                          
-------   ----                          
00000000  __TI_static_base__            
00000000  g_pfnVectors                  
00000200  __STACK_SIZE                  
000002cb  UARTParityModeSet             
000002e7  UARTParityModeGet             
000002f9  UARTFIFOLevelSet              
00000311  UARTFIFOLevelGet              
00000339  UARTConfigSetExpClk           
000003af  UARTConfigGetExpClk           
000003fb  UARTEnable                    
0000041f  UARTDisable                   
00000449  UARTFIFOEnable                
0000045f  UARTFIFODisable               
00000475  UARTEnableSIR                 
000004a3  UARTDisableSIR                
000004b9  UARTSmartCardEnable           
000004eb  UARTSmartCardDisable          
00000501  UARTModemControlSet           
00000539  UARTModemControlClear         
0000055d  UARTModemControlGet           
0000056f  UARTModemStatusGet            
00000583  UARTFlowControlSet            
0000059f  UARTFlowControlGet            
000005b1  UARTTxIntModeSet              
000005cd  UARTTxIntModeGet              
000005df  UARTCharsAvail                
000005fd  UARTSpaceAvail                
0000061b  UARTCharGetNonBlocking        
00000637  UARTCharGet                   
0000064d  UARTCharPutNonBlocking        
00000671  UARTCharPut                   
0000068f  UARTBreakCtl                  
000006b9  UARTBusy                      
000006d7  UARTIntRegister               
000006f5  UARTIntUnregister             
00000715  UARTIntEnable                 
0000072d  UARTIntDisable                
00000745  UARTIntStatus                 
00000763  UARTIntClear                  
00000775  UARTDMAEnable                 
0000078d  UARTDMADisable                
000007a5  UARTRxErrorGet                
000007b7  UARTRxErrorClear              
000007c7  UARTClockSourceSet            
000007db  UARTClockSourceGet            
000007eb  UART9BitEnable                
00000801  UART9BitDisable               
00000817  UART9BitAddrSet               
0000083d  UART9BitAddrSend              
00000885  UARTLoopbackEnable            
0000089b  main                          
00000921  GPIOPadConfigSet              
00000a8d  SysCtlClockGet                
00000ba5  SysCtlClockSet                
00000c99  IntDisable                    
00000d01  IntEnable                     
00000d69  GPIOPinConfigure              
00000db5  __TI_auto_init_nobinit_nopinit
00000df9  SysCtlPeripheralReady         
00000e31  IntRegister                   
00000e65  SysCtlPeripheralEnable        
00000e99  _c_int00_noargs               
00000ecd  GPIODirModeSet                
00000ef9  __TI_zero_init_nomemset       
00000f15  GPIOPinTypeUART               
00000f2d  IntUnregister                 
00000f41  ResetISR                      
00000f4d  SysCtlDelay                   
00000f53  _system_pre_init              
00000f57  C$$EXIT                       
00000f57  abort                         
00001108  __TI_Handler_Table_Base       
0000110c  __TI_CINIT_Base               
0000110c  __TI_Handler_Table_Limit      
00001114  __TI_CINIT_Limit              
20000000  __start___llvm_prf_cnts       
20000000  __stop___llvm_prf_cnts        
20000000  g_pfnRAMVectors               
20000270  __stack                       
20000470  __STACK_END                   
20000470  __STACK_TOP                   
ffffffff  __TI_pprof_out_hndl           
ffffffff  __TI_prof_data_size           
ffffffff  __TI_prof_data_start          
ffffffff  __binit__                     
ffffffff  __c_args__                    
ffffffff  binit                         
UNDEFED   __mpu_init                    
UNDEFED   _system_post_cinit            

[89 symbols]
