******************************************************************************
                  TI ARM Linker PC v20.2.7                     
******************************************************************************
>> Linked Tue Aug 29 10:20:47 2023

OUTPUT FILE NAME:   <step14.out>
ENTRY POINT SYMBOL: "_c_int00_noargs"  address: 00001381


MEMORY CONFIGURATION

         name            origin    length      used     unused   attr    fill
----------------------  --------  ---------  --------  --------  ----  --------
  FLASH                 00000000   00040000  00001714  0003e8ec  R  X
  SRAM                  20000000   00008000  00000470  00007b90  RW X


SEGMENT ALLOCATION MAP

run origin  load origin   length   init length attrs members
----------  ----------- ---------- ----------- ----- -------
00000000    00000000    00001718   00001718    r-x
  00000000    00000000    0000026c   0000026c    r-- .intvecs
  0000026c    0000026c    0000137a   0000137a    r-x .text
  000015e8    000015e8    000000fe   000000fe    r-- .const
  000016e8    000016e8    00000030   00000030    r-- .cinit
20000000    20000000    00000470   00000000    rw-
  20000000    20000000    0000026c   00000000    rw- .vtable
  2000026c    2000026c    00000004   00000000    rw- .data
  20000270    20000270    00000200   00000000    rw- .stack


SECTION ALLOCATION MAP

 output                                  attributes/
section   page    origin      length       input sections
--------  ----  ----------  ----------   ----------------
.intvecs   0    00000000    0000026c     
                  00000000    0000026c     tm4c123gh6pm_startup_ccs.obj (.intvecs)

.text      0    0000026c    0000137a     
                  0000026c    00000660     step14.obj (.text)
                  000008cc    000001b6     rtsv7M4_T_le_v4SPD16_eabi.lib : fd_add_t2.asm.obj (.text)
                  00000a82    00000002     --HOLE-- [fill = 0]
                  00000a84    0000016c     driverlib.lib : gpio.obj (.text:GPIOPadConfigSet)
                  00000bf0    00000118                   : sysctl.obj (.text:SysCtlClockGet)
                  00000d08    000000fc     rtsv7M4_T_le_v4SPD16_eabi.lib : fd_mul_t2.asm.obj (.text)
                  00000e04    000000f8                                   : s_floor.c.obj (.text:floor)
                  00000efc    000000f4     driverlib.lib : sysctl.obj (.text:SysCtlClockSet)
                  00000ff0    0000009c     rtsv7M4_T_le_v4SPD16_eabi.lib : memcpy_t2.asm.obj (.text)
                  0000108c    00000086                                   : fd_cmp_t2.asm.obj (.text:__aeabi_cdrcmple)
                  00001112    0000007a     driverlib.lib : adc.obj (.text:ADCSequenceStepConfigure)
                  0000118c    00000068     rtsv7M4_T_le_v4SPD16_eabi.lib : copy_decompress_lzss.c.obj (.text:decompress:lzss:__TI_decompress_lzss)
                  000011f4    0000004e     driverlib.lib : adc.obj (.text:ADCSequenceConfigure)
                  00001242    00000002     --HOLE-- [fill = 0]
                  00001244    0000004c                   : gpio.obj (.text:GPIOPinConfigure)
                  00001290    00000044     rtsv7M4_T_le_v4SPD16_eabi.lib : autoinit.c.obj (.text:__TI_auto_init_nobinit_nopinit:__TI_auto_init_nobinit_nopinit)
                  000012d4    00000044                                   : fd_tou_t2.asm.obj (.text)
                  00001318    00000034     driverlib.lib : interrupt.obj (.text:IntRegister)
                  0000134c    00000034                   : sysctl.obj (.text:SysCtlPeripheralEnable)
                  00001380    00000034     rtsv7M4_T_le_v4SPD16_eabi.lib : boot_cortex_m.c.obj (.text:_c_int00_noargs:_c_int00_noargs)
                  000013b4    0000002c     driverlib.lib : gpio.obj (.text:GPIODirModeSet)
                  000013e0    00000022                   : pwm.obj (.text:PWMGenConfigure)
                  00001402    00000020     rtsv7M4_T_le_v4SPD16_eabi.lib : u_tofd_t2.asm.obj (.text)
                  00001422    0000001e     driverlib.lib : adc.obj (.text:ADCSequenceDataGet)
                  00001440    0000001e                   : pwm.obj (.text:PWMPulseWidthSet)
                  0000145e    0000001e     rtsv7M4_T_le_v4SPD16_eabi.lib : strcat.c.obj (.text:strcat)
                  0000147c    0000001c     driverlib.lib : systick.obj (.text:SysTickIntRegister)
                  00001498    0000001c     rtsv7M4_T_le_v4SPD16_eabi.lib : copy_zero_init.c.obj (.text:decompress:ZI:__TI_zero_init_nomemset:__TI_zero_init_nomemset)
                  000014b4    0000001a     driverlib.lib : gpio.obj (.text:GPIOPinTypeGPIOOutput)
                  000014ce    00000018                   : adc.obj (.text:ADCProcessorTrigger)
                  000014e6    00000016                   : gpio.obj (.text:GPIOPinTypeADC)
                  000014fc    00000016                   : gpio.obj (.text:GPIOPinTypeGPIOInput)
                  00001512    00000016                   : gpio.obj (.text:GPIOPinTypePWM)
                  00001528    00000014                   : systick.obj (.text:SysTickDisable)
                  0000153c    00000014                   : systick.obj (.text:SysTickEnable)
                  00001550    00000014     rtsv7M4_T_le_v4SPD16_eabi.lib : strcpy.c.obj (.text:strcpy)
                  00001564    00000012     driverlib.lib : pwm.obj (.text:PWMOutputState)
                  00001576    00000010                   : pwm.obj (.text:PWMGenPeriodSet)
                  00001586    00000002     --HOLE-- [fill = 0]
                  00001588    00000010                   : systick.obj (.text:SysTickPeriodSet)
                  00001598    0000000e                   : adc.obj (.text:ADCSequenceEnable)
                  000015a6    0000000e     rtsv7M4_T_le_v4SPD16_eabi.lib : copy_decompress_none.c.obj (.text:decompress:none:__TI_decompress_none)
                  000015b4    0000000c     driverlib.lib : pwm.obj (.text:PWMGenEnable)
                  000015c0    0000000c     tm4c123gh6pm_startup_ccs.obj (.text)
                  000015cc    00000006     driverlib.lib : gpio.obj (.text:GPIOPinRead)
                  000015d2    00000006                   : gpio.obj (.text:GPIOPinWrite)
                  000015d8    00000006                   : sysctl.obj (.text:SysCtlDelay)
                  000015de    00000004     rtsv7M4_T_le_v4SPD16_eabi.lib : pre_init.c.obj (.text:_system_pre_init)
                  000015e2    00000004                                   : exit.c.obj (.text:abort:abort)

.const     0    000015e8    000000fe     
                  000015e8    00000090     driverlib.lib : gpio.obj (.const:g_pui32GPIOBaseAddrs)
                  00001678    0000006c                   : sysctl.obj (.const:g_pui32Xtals)
                  000016e4    00000002     step14.obj (.const:.string:$P$T0$1)

.cinit     0    000016e8    00000030     
                  000016e8    0000000c     (__TI_handler_table)
                  000016f4    00000004     --HOLE-- [fill = 0]
                  000016f8    00000008     (.cinit..vtable.load) [load image, compression = zero_init]
                  00001700    00000007     (.cinit..data.load) [load image, compression = lzss]
                  00001707    00000001     --HOLE-- [fill = 0]
                  00001708    00000010     (__TI_cinit_table)

.init_array 
*          0    00000000    00000000     UNINITIALIZED

.vtable    0    20000000    0000026c     UNINITIALIZED
                  20000000    0000026c     driverlib.lib : interrupt.obj (.vtable)

.data      0    2000026c    00000004     UNINITIALIZED
                  2000026c    00000004     step14.obj (.data)

.stack     0    20000270    00000200     UNINITIALIZED
                  20000270    00000004     rtsv7M4_T_le_v4SPD16_eabi.lib : boot_cortex_m.c.obj (.stack)
                  20000274    000001fc     --HOLE--

__llvm_prf_cnts 
*          0    20000000    00000000     UNINITIALIZED

MODULE SUMMARY

       Module                         code   ro data   rw data
       ------                         ----   -------   -------
    .\
       step14.obj                     1632   2         4      
       tm4c123gh6pm_startup_ccs.obj   12     620       0      
    +--+------------------------------+------+---------+---------+
       Total:                         1644   622       4      
                                                              
    ../driverlib.lib
       gpio.obj                       588    144       0      
       sysctl.obj                     582    108       0      
       interrupt.obj                  52     0         620    
       adc.obj                        268    0         0      
       pwm.obj                        110    0         0      
       systick.obj                    84     0         0      
    +--+------------------------------+------+---------+---------+
       Total:                         1684   252       620    
                                                              
    C:\ti\ccs1240\ccs\tools\compiler\ti-cgt-arm_20.2.7.LTS\lib\rtsv7M4_T_le_v4SPD16_eabi.lib
       fd_add_t2.asm.obj              438    0         0      
       fd_mul_t2.asm.obj              252    0         0      
       s_floor.c.obj                  248    0         0      
       memcpy_t2.asm.obj              156    0         0      
       fd_cmp_t2.asm.obj              134    0         0      
       copy_decompress_lzss.c.obj     104    0         0      
       autoinit.c.obj                 68     0         0      
       fd_tou_t2.asm.obj              68     0         0      
       boot_cortex_m.c.obj            52     0         0      
       u_tofd_t2.asm.obj              32     0         0      
       strcat.c.obj                   30     0         0      
       copy_zero_init.c.obj           28     0         0      
       strcpy.c.obj                   20     0         0      
       copy_decompress_none.c.obj     14     0         0      
       exit.c.obj                     4      0         0      
       pre_init.c.obj                 4      0         0      
    +--+------------------------------+------+---------+---------+
       Total:                         1652   0         0      
                                                              
       Stack:                         0      0         512    
       Linker Generated:              0      43        0      
    +--+------------------------------+------+---------+---------+
       Grand Total:                   4980   917       1136   


LINKER GENERATED COPY TABLES

__TI_cinit_table @ 00001708 records: 2, size/record: 8, table size: 16
	.vtable: load addr=000016f8, load size=00000008 bytes, run addr=20000000, run size=0000026c bytes, compression=zero_init
	.data: load addr=00001700, load size=00000007 bytes, run addr=2000026c, run size=00000004 bytes, compression=lzss


LINKER GENERATED HANDLER TABLE

__TI_handler_table @ 000016e8 records: 3, size/record: 4, table size: 12
	index: 0, handler: __TI_zero_init
	index: 1, handler: __TI_decompress_lzss
	index: 2, handler: __TI_decompress_none


GLOBAL SYMBOLS: SORTED ALPHABETICALLY BY Name 

address   name                          
-------   ----                          
000014cf  ADCProcessorTrigger           
000011f5  ADCSequenceConfigure          
00001423  ADCSequenceDataGet            
00001599  ADCSequenceEnable             
00001113  ADCSequenceStepConfigure      
000002cd  AirFlow                       
000015e3  C$$EXIT                       
0000026d  Cycle_temp                    
0000032b  DelayMs                       
000013b5  GPIODirModeSet                
00000a85  GPIOPadConfigSet              
00001245  GPIOPinConfigure              
000015cd  GPIOPinRead                   
000014e7  GPIOPinTypeADC                
000014fd  GPIOPinTypeGPIOInput          
000014b5  GPIOPinTypeGPIOOutput         
00001513  GPIOPinTypePWM                
000015d3  GPIOPinWrite                  
00001319  IntRegister                   
000013e1  PWMGenConfigure               
000015b5  PWMGenEnable                  
00001577  PWMGenPeriodSet               
00001565  PWMOutputState                
00001441  PWMPulseWidthSet              
000015c1  ResetISR                      
00000bf1  SysCtlClockGet                
00000efd  SysCtlClockSet                
000015d9  SysCtlDelay                   
0000134d  SysCtlPeripheralEnable        
00001529  SysTickDisable                
0000153d  SysTickEnable                 
00000321  SysTickHandler                
0000147d  SysTickIntRegister            
00001589  SysTickPeriodSet              
20000470  __STACK_END                   
00000200  __STACK_SIZE                  
20000470  __STACK_TOP                   
00001708  __TI_CINIT_Base               
00001718  __TI_CINIT_Limit              
000016e8  __TI_Handler_Table_Base       
000016f4  __TI_Handler_Table_Limit      
00001291  __TI_auto_init_nobinit_nopinit
0000118d  __TI_decompress_lzss          
000015a7  __TI_decompress_none          
ffffffff  __TI_pprof_out_hndl           
ffffffff  __TI_prof_data_size           
ffffffff  __TI_prof_data_start          
00000000  __TI_static_base__            
00001499  __TI_zero_init_nomemset       
0000108d  __aeabi_cdrcmple              
000012d5  __aeabi_d2uiz                 
000008d7  __aeabi_dadd                  
00000d09  __aeabi_dmul                  
000008cd  __aeabi_dsub                  
00000ff1  __aeabi_memcpy                
00000ff1  __aeabi_memcpy4               
00000ff1  __aeabi_memcpy8               
00001403  __aeabi_ui2d                  
ffffffff  __binit__                     
ffffffff  __c_args__                    
UNDEFED   __mpu_init                    
20000270  __stack                       
20000000  __start___llvm_prf_cnts       
20000000  __stop___llvm_prf_cnts        
00001381  _c_int00_noargs               
UNDEFED   _system_post_cinit            
000015df  _system_pre_init              
000015e3  abort                         
ffffffff  binit                         
00000e05  floor                         
00000e05  floorl                        
2000026c  g_cnt                         
20000000  g_pfnRAMVectors               
00000000  g_pfnVectors                  
000004a3  lcd_Home                      
0000048d  lcd_NewLine                   
0000034f  lcd_RS                        
0000044f  lcd_clear                     
0000036f  lcd_command                   
00000465  lcd_disp                      
000003eb  lcd_init                      
000003ab  lcd_transmit4                 
00000387  lcd_transmit8                 
000004c1  main                          
00000ff1  memcpy                        
0000145f  strcat                        
00001551  strcpy                        


GLOBAL SYMBOLS: SORTED BY Symbol Address 

address   name                          
-------   ----                          
00000000  __TI_static_base__            
00000000  g_pfnVectors                  
00000200  __STACK_SIZE                  
0000026d  Cycle_temp                    
000002cd  AirFlow                       
00000321  SysTickHandler                
0000032b  DelayMs                       
0000034f  lcd_RS                        
0000036f  lcd_command                   
00000387  lcd_transmit8                 
000003ab  lcd_transmit4                 
000003eb  lcd_init                      
0000044f  lcd_clear                     
00000465  lcd_disp                      
0000048d  lcd_NewLine                   
000004a3  lcd_Home                      
000004c1  main                          
000008cd  __aeabi_dsub                  
000008d7  __aeabi_dadd                  
00000a85  GPIOPadConfigSet              
00000bf1  SysCtlClockGet                
00000d09  __aeabi_dmul                  
00000e05  floor                         
00000e05  floorl                        
00000efd  SysCtlClockSet                
00000ff1  __aeabi_memcpy                
00000ff1  __aeabi_memcpy4               
00000ff1  __aeabi_memcpy8               
00000ff1  memcpy                        
0000108d  __aeabi_cdrcmple              
00001113  ADCSequenceStepConfigure      
0000118d  __TI_decompress_lzss          
000011f5  ADCSequenceConfigure          
00001245  GPIOPinConfigure              
00001291  __TI_auto_init_nobinit_nopinit
000012d5  __aeabi_d2uiz                 
00001319  IntRegister                   
0000134d  SysCtlPeripheralEnable        
00001381  _c_int00_noargs               
000013b5  GPIODirModeSet                
000013e1  PWMGenConfigure               
00001403  __aeabi_ui2d                  
00001423  ADCSequenceDataGet            
00001441  PWMPulseWidthSet              
0000145f  strcat                        
0000147d  SysTickIntRegister            
00001499  __TI_zero_init_nomemset       
000014b5  GPIOPinTypeGPIOOutput         
000014cf  ADCProcessorTrigger           
000014e7  GPIOPinTypeADC                
000014fd  GPIOPinTypeGPIOInput          
00001513  GPIOPinTypePWM                
00001529  SysTickDisable                
0000153d  SysTickEnable                 
00001551  strcpy                        
00001565  PWMOutputState                
00001577  PWMGenPeriodSet               
00001589  SysTickPeriodSet              
00001599  ADCSequenceEnable             
000015a7  __TI_decompress_none          
000015b5  PWMGenEnable                  
000015c1  ResetISR                      
000015cd  GPIOPinRead                   
000015d3  GPIOPinWrite                  
000015d9  SysCtlDelay                   
000015df  _system_pre_init              
000015e3  C$$EXIT                       
000015e3  abort                         
000016e8  __TI_Handler_Table_Base       
000016f4  __TI_Handler_Table_Limit      
00001708  __TI_CINIT_Base               
00001718  __TI_CINIT_Limit              
20000000  __start___llvm_prf_cnts       
20000000  __stop___llvm_prf_cnts        
20000000  g_pfnRAMVectors               
2000026c  g_cnt                         
20000270  __stack                       
20000470  __STACK_END                   
20000470  __STACK_TOP                   
ffffffff  __TI_pprof_out_hndl           
ffffffff  __TI_prof_data_size           
ffffffff  __TI_prof_data_start          
ffffffff  __binit__                     
ffffffff  __c_args__                    
ffffffff  binit                         
UNDEFED   __mpu_init                    
UNDEFED   _system_post_cinit            

[87 symbols]
