******************************************************************************
                  TI ARM Linker PC v20.2.7                     
******************************************************************************
>> Linked Mon Aug 28 15:28:54 2023

OUTPUT FILE NAME:   <step10-2.out>
ENTRY POINT SYMBOL: "_c_int00_noinit_noargs"  address: 00000885


MEMORY CONFIGURATION

         name            origin    length      used     unused   attr    fill
----------------------  --------  ---------  --------  --------  ----  --------
  FLASH                 00000000   00040000  00000aa4  0003f55c  R  X
  SRAM                  20000000   00008000  00000200  00007e00  RW X


SEGMENT ALLOCATION MAP

run origin  load origin   length   init length attrs members
----------  ----------- ---------- ----------- ----- -------
00000000    00000000    00000aa4   00000aa4    r-x
  00000000    00000000    0000026c   0000026c    r-- .intvecs
  0000026c    0000026c    0000073c   0000073c    r-x .text
  000009a8    000009a8    000000fc   000000fc    r-- .const
20000000    20000000    00000200   00000000    rw-
  20000000    20000000    00000200   00000000    rw- .stack


SECTION ALLOCATION MAP

 output                                  attributes/
section   page    origin      length       input sections
--------  ----  ----------  ----------   ----------------
.intvecs   0    00000000    0000026c     
                  00000000    0000026c     tm4c123gh6pm_startup_ccs.obj (.intvecs)

.text      0    0000026c    0000073c     
                  0000026c    0000016c     driverlib.lib : gpio.obj (.text:GPIOPadConfigSet)
                  000003d8    0000012c     step10-2.obj (.text)
                  00000504    00000118     driverlib.lib : sysctl.obj (.text:SysCtlClockGet)
                  0000061c    000000f4                   : sysctl.obj (.text:SysCtlClockSet)
                  00000710    0000007a                   : adc.obj (.text:ADCSequenceStepConfigure)
                  0000078a    0000004e                   : adc.obj (.text:ADCSequenceConfigure)
                  000007d8    0000004c                   : gpio.obj (.text:GPIOPinConfigure)
                  00000824    00000034                   : sysctl.obj (.text:SysCtlPeripheralEnable)
                  00000858    0000002c                   : gpio.obj (.text:GPIODirModeSet)
                  00000884    0000002c     rtsv7M4_T_le_v4SPD16_eabi.lib : boot_cortex_m.c.obj (.text:_c_int00_noinit_noargs:_c_int00_noinit_noargs)
                  000008b0    00000022     driverlib.lib : pwm.obj (.text:PWMGenConfigure)
                  000008d2    0000001e                   : adc.obj (.text:ADCSequenceDataGet)
                  000008f0    0000001e                   : pwm.obj (.text:PWMPulseWidthSet)
                  0000090e    00000018                   : adc.obj (.text:ADCProcessorTrigger)
                  00000926    00000016                   : gpio.obj (.text:GPIOPinTypeADC)
                  0000093c    00000016                   : gpio.obj (.text:GPIOPinTypePWM)
                  00000952    00000012                   : pwm.obj (.text:PWMOutputState)
                  00000964    00000010                   : pwm.obj (.text:PWMGenPeriodSet)
                  00000974    0000000e                   : adc.obj (.text:ADCSequenceEnable)
                  00000982    0000000c                   : pwm.obj (.text:PWMGenEnable)
                  0000098e    0000000c     tm4c123gh6pm_startup_ccs.obj (.text)
                  0000099a    00000006     driverlib.lib : sysctl.obj (.text:SysCtlDelay)
                  000009a0    00000004     rtsv7M4_T_le_v4SPD16_eabi.lib : pre_init.c.obj (.text:_system_pre_init)
                  000009a4    00000004                                   : exit.c.obj (.text:abort:abort)

.const     0    000009a8    000000fc     
                  000009a8    00000090     driverlib.lib : gpio.obj (.const:g_pui32GPIOBaseAddrs)
                  00000a38    0000006c                   : sysctl.obj (.const:g_pui32Xtals)

.cinit     0    00000000    00000000     UNINITIALIZED

.init_array 
*          0    00000000    00000000     UNINITIALIZED

.stack     0    20000000    00000200     UNINITIALIZED
                  20000000    00000004     rtsv7M4_T_le_v4SPD16_eabi.lib : boot_cortex_m.c.obj (.stack)
                  20000004    000001fc     --HOLE--

__llvm_prf_cnts 
*          0    20000000    00000000     UNINITIALIZED

MODULE SUMMARY

       Module                         code   ro data   rw data
       ------                         ----   -------   -------
    .\
       tm4c123gh6pm_startup_ccs.obj   12     620       0      
       step10-2.obj                   300    0         0      
    +--+------------------------------+------+---------+---------+
       Total:                         312    620       0      
                                                              
    ../driverlib.lib
       sysctl.obj                     582    108       0      
       gpio.obj                       528    144       0      
       adc.obj                        268    0         0      
       pwm.obj                        110    0         0      
    +--+------------------------------+------+---------+---------+
       Total:                         1488   252       0      
                                                              
    C:\ti\ccs1240\ccs\tools\compiler\ti-cgt-arm_20.2.7.LTS\lib\rtsv7M4_T_le_v4SPD16_eabi.lib
       boot_cortex_m.c.obj            44     0         0      
       exit.c.obj                     4      0         0      
       pre_init.c.obj                 4      0         0      
    +--+------------------------------+------+---------+---------+
       Total:                         52     0         0      
                                                              
       Stack:                         0      0         512    
    +--+------------------------------+------+---------+---------+
       Grand Total:                   1852   872       512    


GLOBAL SYMBOLS: SORTED ALPHABETICALLY BY Name 

address   name                    
-------   ----                    
0000090f  ADCProcessorTrigger     
0000078b  ADCSequenceConfigure    
000008d3  ADCSequenceDataGet      
00000975  ADCSequenceEnable       
00000711  ADCSequenceStepConfigure
000009a5  C$$EXIT                 
00000859  GPIODirModeSet          
0000026d  GPIOPadConfigSet        
000007d9  GPIOPinConfigure        
00000927  GPIOPinTypeADC          
0000093d  GPIOPinTypePWM          
000008b1  PWMGenConfigure         
00000983  PWMGenEnable            
00000965  PWMGenPeriodSet         
00000953  PWMOutputState          
000008f1  PWMPulseWidthSet        
0000098f  ResetISR                
00000505  SysCtlClockGet          
0000061d  SysCtlClockSet          
0000099b  SysCtlDelay             
00000825  SysCtlPeripheralEnable  
20000200  __STACK_END             
00000200  __STACK_SIZE            
20000200  __STACK_TOP             
ffffffff  __TI_pprof_out_hndl     
ffffffff  __TI_prof_data_size     
ffffffff  __TI_prof_data_start    
00000000  __TI_static_base__      
ffffffff  __binit__               
ffffffff  __c_args__              
UNDEFED   __mpu_init              
20000000  __stack                 
20000000  __start___llvm_prf_cnts 
20000000  __stop___llvm_prf_cnts  
00000885  _c_int00_noinit_noargs  
000009a1  _system_pre_init        
000009a5  abort                   
ffffffff  binit                   
00000000  g_pfnVectors            
000003d9  main                    


GLOBAL SYMBOLS: SORTED BY Symbol Address 

address   name                    
-------   ----                    
00000000  __TI_static_base__      
00000000  g_pfnVectors            
00000200  __STACK_SIZE            
0000026d  GPIOPadConfigSet        
000003d9  main                    
00000505  SysCtlClockGet          
0000061d  SysCtlClockSet          
00000711  ADCSequenceStepConfigure
0000078b  ADCSequenceConfigure    
000007d9  GPIOPinConfigure        
00000825  SysCtlPeripheralEnable  
00000859  GPIODirModeSet          
00000885  _c_int00_noinit_noargs  
000008b1  PWMGenConfigure         
000008d3  ADCSequenceDataGet      
000008f1  PWMPulseWidthSet        
0000090f  ADCProcessorTrigger     
00000927  GPIOPinTypeADC          
0000093d  GPIOPinTypePWM          
00000953  PWMOutputState          
00000965  PWMGenPeriodSet         
00000975  ADCSequenceEnable       
00000983  PWMGenEnable            
0000098f  ResetISR                
0000099b  SysCtlDelay             
000009a1  _system_pre_init        
000009a5  C$$EXIT                 
000009a5  abort                   
20000000  __stack                 
20000000  __start___llvm_prf_cnts 
20000000  __stop___llvm_prf_cnts  
20000200  __STACK_END             
20000200  __STACK_TOP             
ffffffff  __TI_pprof_out_hndl     
ffffffff  __TI_prof_data_size     
ffffffff  __TI_prof_data_start    
ffffffff  __binit__               
ffffffff  __c_args__              
ffffffff  binit                   
UNDEFED   __mpu_init              

[40 symbols]
