******************************************************************************
                  TI ARM Linker PC v20.2.7                     
******************************************************************************
>> Linked Tue Aug 22 16:34:57 2023

OUTPUT FILE NAME:   <step9-2.out>
ENTRY POINT SYMBOL: "_c_int00_noargs"  address: 000009d5


MEMORY CONFIGURATION

         name            origin    length      used     unused   attr    fill
----------------------  --------  ---------  --------  --------  ----  --------
  FLASH                 00000000   00040000  00000c6c  0003f394  R  X
  SRAM                  20000000   00008000  00000475  00007b8b  RW X


SEGMENT ALLOCATION MAP

run origin  load origin   length   init length attrs members
----------  ----------- ---------- ----------- ----- -------
00000000    00000000    00000c6c   00000c6c    r-x
  00000000    00000000    0000026c   0000026c    r-- .intvecs
  0000026c    0000026c    000008bc   000008bc    r-x .text
  00000b28    00000b28    00000120   00000120    r-- .const
  00000c48    00000c48    00000024   00000024    r-- .cinit
20000000    20000000    00000479   00000000    rw-
  20000000    20000000    0000026c   00000000    rw- .vtable
  20000270    20000270    00000200   00000000    rw- .stack
  20000470    20000470    00000009   00000000    rw- .bss


SECTION ALLOCATION MAP

 output                                  attributes/
section   page    origin      length       input sections
--------  ----  ----------  ----------   ----------------
.intvecs   0    00000000    0000026c     
                  00000000    0000026c     tm4c123gh6pm_startup_ccs.obj (.intvecs)

.text      0    0000026c    000008bc     
                  0000026c    0000016c     driverlib.lib : gpio.obj (.text:GPIOPadConfigSet)
                  000003d8    00000164     step9-2.obj (.text)
                  0000053c    00000118     driverlib.lib : sysctl.obj (.text:SysCtlClockGet)
                  00000654    000000f4                   : sysctl.obj (.text:SysCtlClockSet)
                  00000748    0000007a                   : adc.obj (.text:ADCSequenceStepConfigure)
                  000007c2    00000002     --HOLE-- [fill = 0]
                  000007c4    00000068                   : interrupt.obj (.text:IntEnable)
                  0000082c    00000060                   : timer.obj (.text:TimerConfigure)
                  0000088c    0000004e                   : adc.obj (.text:ADCSequenceConfigure)
                  000008da    00000002     --HOLE-- [fill = 0]
                  000008dc    0000004c                   : timer.obj (.text:_TimerIntNumberGet)
                  00000928    00000044     rtsv7M4_T_le_v4SPD16_eabi.lib : autoinit.c.obj (.text:__TI_auto_init_nobinit_nopinit:__TI_auto_init_nobinit_nopinit)
                  0000096c    00000034     driverlib.lib : interrupt.obj (.text:IntRegister)
                  000009a0    00000034                   : sysctl.obj (.text:SysCtlPeripheralEnable)
                  000009d4    00000034     rtsv7M4_T_le_v4SPD16_eabi.lib : boot_cortex_m.c.obj (.text:_c_int00_noargs:_c_int00_noargs)
                  00000a08    0000002c     driverlib.lib : gpio.obj (.text:GPIODirModeSet)
                  00000a34    0000001e                   : adc.obj (.text:ADCSequenceDataGet)
                  00000a52    0000001c     rtsv7M4_T_le_v4SPD16_eabi.lib : copy_zero_init.c.obj (.text:decompress:ZI:__TI_zero_init_nomemset:__TI_zero_init_nomemset)
                  00000a6e    0000001a     driverlib.lib : gpio.obj (.text:GPIOPinTypeGPIOOutput)
                  00000a88    00000018                   : adc.obj (.text:ADCProcessorTrigger)
                  00000aa0    00000018                   : timer.obj (.text:TimerIntRegister)
                  00000ab8    00000016                   : gpio.obj (.text:GPIOPinTypeADC)
                  00000ace    00000012                   : timer.obj (.text:TimerLoadSet)
                  00000ae0    0000000e                   : adc.obj (.text:ADCSequenceEnable)
                  00000aee    0000000e                   : timer.obj (.text:TimerEnable)
                  00000afc    0000000c     tm4c123gh6pm_startup_ccs.obj (.text)
                  00000b08    00000008     driverlib.lib : timer.obj (.text:TimerIntEnable)
                  00000b10    00000006                   : gpio.obj (.text:GPIOPinWrite)
                  00000b16    00000006                   : sysctl.obj (.text:SysCtlDelay)
                  00000b1c    00000004                   : timer.obj (.text:TimerIntClear)
                  00000b20    00000004     rtsv7M4_T_le_v4SPD16_eabi.lib : pre_init.c.obj (.text:_system_pre_init)
                  00000b24    00000004                                   : exit.c.obj (.text:abort:abort)

.const     0    00000b28    00000120     
                  00000b28    0000006c     driverlib.lib : sysctl.obj (.const:g_pui32Xtals)
                  00000b94    00000060                   : timer.obj (.const:g_ppui32TimerIntMap)
                  00000bf4    00000040                   : timer.obj (.const:g_ppui32TimerIntMapSnowflake)
                  00000c34    00000014                   : interrupt.obj (.const:g_pui32EnRegs)

.cinit     0    00000c48    00000024     
                  00000c48    00000008     (.cinit..bss.load) [load image, compression = zero_init]
                  00000c50    00000008     (.cinit..vtable.load) [load image, compression = zero_init]
                  00000c58    00000004     (__TI_handler_table)
                  00000c5c    00000010     (__TI_cinit_table)

.init_array 
*          0    00000000    00000000     UNINITIALIZED

.vtable    0    20000000    0000026c     UNINITIALIZED
                  20000000    0000026c     driverlib.lib : interrupt.obj (.vtable)

.bss       0    20000470    00000009     UNINITIALIZED
                  20000470    00000004     step9-2.obj (.bss)
                  20000474    00000004     (.common:data)
                  20000478    00000001     (.common:State)

.stack     0    20000270    00000200     UNINITIALIZED
                  20000270    00000004     rtsv7M4_T_le_v4SPD16_eabi.lib : boot_cortex_m.c.obj (.stack)
                  20000274    000001fc     --HOLE--

__llvm_prf_cnts 
*          0    20000000    00000000     UNINITIALIZED

MODULE SUMMARY

       Module                         code   ro data   rw data
       ------                         ----   -------   -------
    .\
       tm4c123gh6pm_startup_ccs.obj   12     620       0      
       step9-2.obj                    356    0         9      
    +--+------------------------------+------+---------+---------+
       Total:                         368    620       9      
                                                              
    ../driverlib.lib
       interrupt.obj                  156    20        620    
       sysctl.obj                     582    108       0      
       gpio.obj                       462    0         0      
       timer.obj                      240    160       0      
       adc.obj                        268    0         0      
    +--+------------------------------+------+---------+---------+
       Total:                         1708   288       620    
                                                              
    C:\ti\ccs1240\ccs\tools\compiler\ti-cgt-arm_20.2.7.LTS\lib\rtsv7M4_T_le_v4SPD16_eabi.lib
       autoinit.c.obj                 68     0         0      
       boot_cortex_m.c.obj            52     0         0      
       copy_zero_init.c.obj           28     0         0      
       exit.c.obj                     4      0         0      
       pre_init.c.obj                 4      0         0      
    +--+------------------------------+------+---------+---------+
       Total:                         156    0         0      
                                                              
       Stack:                         0      0         512    
       Linker Generated:              0      36        0      
    +--+------------------------------+------+---------+---------+
       Grand Total:                   2232   944       1141   


LINKER GENERATED COPY TABLES

__TI_cinit_table @ 00000c5c records: 2, size/record: 8, table size: 16
	.bss: load addr=00000c48, load size=00000008 bytes, run addr=20000470, run size=00000009 bytes, compression=zero_init
	.vtable: load addr=00000c50, load size=00000008 bytes, run addr=20000000, run size=0000026c bytes, compression=zero_init


LINKER GENERATED HANDLER TABLE

__TI_handler_table @ 00000c58 records: 1, size/record: 4, table size: 4
	index: 0, handler: __TI_zero_init


GLOBAL SYMBOLS: SORTED ALPHABETICALLY BY Name 

address   name                          
-------   ----                          
00000a89  ADCProcessorTrigger           
0000088d  ADCSequenceConfigure          
00000a35  ADCSequenceDataGet            
00000ae1  ADCSequenceEnable             
00000749  ADCSequenceStepConfigure      
00000b25  C$$EXIT                       
00000a09  GPIODirModeSet                
0000026d  GPIOPadConfigSet              
00000ab9  GPIOPinTypeADC                
00000a6f  GPIOPinTypeGPIOOutput         
00000b11  GPIOPinWrite                  
000007c5  IntEnable                     
0000096d  IntRegister                   
00000afd  ResetISR                      
20000478  State                         
0000053d  SysCtlClockGet                
00000655  SysCtlClockSet                
00000b17  SysCtlDelay                   
000009a1  SysCtlPeripheralEnable        
000003d9  Timer0IntHandler              
0000082d  TimerConfigure                
00000aef  TimerEnable                   
00000b1d  TimerIntClear                 
00000b09  TimerIntEnable                
00000aa1  TimerIntRegister              
00000acf  TimerLoadSet                  
20000470  __STACK_END                   
00000200  __STACK_SIZE                  
20000470  __STACK_TOP                   
00000c5c  __TI_CINIT_Base               
00000c6c  __TI_CINIT_Limit              
00000c58  __TI_Handler_Table_Base       
00000c5c  __TI_Handler_Table_Limit      
00000929  __TI_auto_init_nobinit_nopinit
ffffffff  __TI_pprof_out_hndl           
ffffffff  __TI_prof_data_size           
ffffffff  __TI_prof_data_start          
00000000  __TI_static_base__            
00000a53  __TI_zero_init_nomemset       
ffffffff  __binit__                     
ffffffff  __c_args__                    
UNDEFED   __mpu_init                    
20000270  __stack                       
20000000  __start___llvm_prf_cnts       
20000000  __stop___llvm_prf_cnts        
000009d5  _c_int00_noargs               
UNDEFED   _system_post_cinit            
00000b21  _system_pre_init              
00000b25  abort                         
ffffffff  binit                         
20000474  data                          
20000000  g_pfnRAMVectors               
00000000  g_pfnVectors                  
00000439  main                          


GLOBAL SYMBOLS: SORTED BY Symbol Address 

address   name                          
-------   ----                          
00000000  __TI_static_base__            
00000000  g_pfnVectors                  
00000200  __STACK_SIZE                  
0000026d  GPIOPadConfigSet              
000003d9  Timer0IntHandler              
00000439  main                          
0000053d  SysCtlClockGet                
00000655  SysCtlClockSet                
00000749  ADCSequenceStepConfigure      
000007c5  IntEnable                     
0000082d  TimerConfigure                
0000088d  ADCSequenceConfigure          
00000929  __TI_auto_init_nobinit_nopinit
0000096d  IntRegister                   
000009a1  SysCtlPeripheralEnable        
000009d5  _c_int00_noargs               
00000a09  GPIODirModeSet                
00000a35  ADCSequenceDataGet            
00000a53  __TI_zero_init_nomemset       
00000a6f  GPIOPinTypeGPIOOutput         
00000a89  ADCProcessorTrigger           
00000aa1  TimerIntRegister              
00000ab9  GPIOPinTypeADC                
00000acf  TimerLoadSet                  
00000ae1  ADCSequenceEnable             
00000aef  TimerEnable                   
00000afd  ResetISR                      
00000b09  TimerIntEnable                
00000b11  GPIOPinWrite                  
00000b17  SysCtlDelay                   
00000b1d  TimerIntClear                 
00000b21  _system_pre_init              
00000b25  C$$EXIT                       
00000b25  abort                         
00000c58  __TI_Handler_Table_Base       
00000c5c  __TI_CINIT_Base               
00000c5c  __TI_Handler_Table_Limit      
00000c6c  __TI_CINIT_Limit              
20000000  __start___llvm_prf_cnts       
20000000  __stop___llvm_prf_cnts        
20000000  g_pfnRAMVectors               
20000270  __stack                       
20000470  __STACK_END                   
20000470  __STACK_TOP                   
20000474  data                          
20000478  State                         
ffffffff  __TI_pprof_out_hndl           
ffffffff  __TI_prof_data_size           
ffffffff  __TI_prof_data_start          
ffffffff  __binit__                     
ffffffff  __c_args__                    
ffffffff  binit                         
UNDEFED   __mpu_init                    
UNDEFED   _system_post_cinit            

[54 symbols]
