******************************************************************************
                  TI ARM Linker PC v20.2.7                     
******************************************************************************
>> Linked Mon Aug 28 10:14:23 2023

OUTPUT FILE NAME:   <step13.out>
ENTRY POINT SYMBOL: "_c_int00_noargs"  address: 000012c1


MEMORY CONFIGURATION

         name            origin    length      used     unused   attr    fill
----------------------  --------  ---------  --------  --------  ----  --------
  FLASH                 00000000   00040000  0000163a  0003e9c6  R  X
  SRAM                  20000000   00008000  00000470  00007b90  RW X


SEGMENT ALLOCATION MAP

run origin  load origin   length   init length attrs members
----------  ----------- ---------- ----------- ----- -------
00000000    00000000    00001640   00001640    r-x
  00000000    00000000    0000026c   0000026c    r-- .intvecs
  0000026c    0000026c    000012a0   000012a0    r-x .text
  0000150c    0000150c    000000fe   000000fe    r-- .const
  00001610    00001610    00000030   00000030    r-- .cinit
20000000    20000000    00000470   00000000    rw-
  20000000    20000000    0000026c   00000000    rw- .vtable
  2000026c    2000026c    00000004   00000000    rw- .data
  20000270    20000270    00000200   00000000    rw- .stack


SECTION ALLOCATION MAP

 output                                  attributes/
section   page    origin      length       input sections
--------  ----  ----------  ----------   ----------------
.intvecs   0    00000000    0000026c     
                  00000000    0000026c     tm4c123gh6pm_startup_ccs.obj (.intvecs)

.text      0    0000026c    000012a0     
                  0000026c    000005a0     step13.obj (.text)
                  0000080c    000001b6     rtsv7M4_T_le_v4SPD16_eabi.lib : fd_add_t2.asm.obj (.text)
                  000009c2    00000002     --HOLE-- [fill = 0]
                  000009c4    0000016c     driverlib.lib : gpio.obj (.text:GPIOPadConfigSet)
                  00000b30    00000118                   : sysctl.obj (.text:SysCtlClockGet)
                  00000c48    000000fc     rtsv7M4_T_le_v4SPD16_eabi.lib : fd_mul_t2.asm.obj (.text)
                  00000d44    000000f8                                   : s_floor.c.obj (.text:floor)
                  00000e3c    000000f4     driverlib.lib : sysctl.obj (.text:SysCtlClockSet)
                  00000f30    0000009c     rtsv7M4_T_le_v4SPD16_eabi.lib : memcpy_t2.asm.obj (.text)
                  00000fcc    00000086                                   : fd_cmp_t2.asm.obj (.text:__aeabi_cdrcmple)
                  00001052    0000007a     driverlib.lib : adc.obj (.text:ADCSequenceStepConfigure)
                  000010cc    00000068     rtsv7M4_T_le_v4SPD16_eabi.lib : copy_decompress_lzss.c.obj (.text:decompress:lzss:__TI_decompress_lzss)
                  00001134    0000004e     driverlib.lib : adc.obj (.text:ADCSequenceConfigure)
                  00001182    00000002     --HOLE-- [fill = 0]
                  00001184    0000004c                   : gpio.obj (.text:GPIOPinConfigure)
                  000011d0    00000044     rtsv7M4_T_le_v4SPD16_eabi.lib : autoinit.c.obj (.text:__TI_auto_init_nobinit_nopinit:__TI_auto_init_nobinit_nopinit)
                  00001214    00000044                                   : fd_tou_t2.asm.obj (.text)
                  00001258    00000034     driverlib.lib : interrupt.obj (.text:IntRegister)
                  0000128c    00000034                   : sysctl.obj (.text:SysCtlPeripheralEnable)
                  000012c0    00000034     rtsv7M4_T_le_v4SPD16_eabi.lib : boot_cortex_m.c.obj (.text:_c_int00_noargs:_c_int00_noargs)
                  000012f4    0000002c     driverlib.lib : gpio.obj (.text:GPIODirModeSet)
                  00001320    00000022                   : pwm.obj (.text:PWMGenConfigure)
                  00001342    00000020     rtsv7M4_T_le_v4SPD16_eabi.lib : u_tofd_t2.asm.obj (.text)
                  00001362    0000001e     driverlib.lib : adc.obj (.text:ADCSequenceDataGet)
                  00001380    0000001e                   : pwm.obj (.text:PWMPulseWidthSet)
                  0000139e    0000001e     rtsv7M4_T_le_v4SPD16_eabi.lib : strcat.c.obj (.text:strcat)
                  000013bc    0000001c     driverlib.lib : systick.obj (.text:SysTickIntRegister)
                  000013d8    0000001c     rtsv7M4_T_le_v4SPD16_eabi.lib : copy_zero_init.c.obj (.text:decompress:ZI:__TI_zero_init_nomemset:__TI_zero_init_nomemset)
                  000013f4    0000001a     driverlib.lib : gpio.obj (.text:GPIOPinTypeGPIOOutput)
                  0000140e    00000018                   : adc.obj (.text:ADCProcessorTrigger)
                  00001426    00000016                   : gpio.obj (.text:GPIOPinTypeADC)
                  0000143c    00000016                   : gpio.obj (.text:GPIOPinTypePWM)
                  00001452    00000002     --HOLE-- [fill = 0]
                  00001454    00000014                   : systick.obj (.text:SysTickDisable)
                  00001468    00000014                   : systick.obj (.text:SysTickEnable)
                  0000147c    00000014     rtsv7M4_T_le_v4SPD16_eabi.lib : strcpy.c.obj (.text:strcpy)
                  00001490    00000012     driverlib.lib : pwm.obj (.text:PWMOutputState)
                  000014a2    00000010                   : pwm.obj (.text:PWMGenPeriodSet)
                  000014b2    00000002     --HOLE-- [fill = 0]
                  000014b4    00000010                   : systick.obj (.text:SysTickPeriodSet)
                  000014c4    0000000e                   : adc.obj (.text:ADCSequenceEnable)
                  000014d2    0000000e     rtsv7M4_T_le_v4SPD16_eabi.lib : copy_decompress_none.c.obj (.text:decompress:none:__TI_decompress_none)
                  000014e0    0000000c     driverlib.lib : pwm.obj (.text:PWMGenEnable)
                  000014ec    0000000c     tm4c123gh6pm_startup_ccs.obj (.text)
                  000014f8    00000006     driverlib.lib : gpio.obj (.text:GPIOPinWrite)
                  000014fe    00000006                   : sysctl.obj (.text:SysCtlDelay)
                  00001504    00000004     rtsv7M4_T_le_v4SPD16_eabi.lib : pre_init.c.obj (.text:_system_pre_init)
                  00001508    00000004                                   : exit.c.obj (.text:abort:abort)

.const     0    0000150c    000000fe     
                  0000150c    00000090     driverlib.lib : gpio.obj (.const:g_pui32GPIOBaseAddrs)
                  0000159c    0000006c                   : sysctl.obj (.const:g_pui32Xtals)
                  00001608    00000002     step13.obj (.const:.string:$P$T0$1)

.cinit     0    00001610    00000030     
                  00001610    0000000c     (__TI_handler_table)
                  0000161c    00000004     --HOLE-- [fill = 0]
                  00001620    00000008     (.cinit..vtable.load) [load image, compression = zero_init]
                  00001628    00000007     (.cinit..data.load) [load image, compression = lzss]
                  0000162f    00000001     --HOLE-- [fill = 0]
                  00001630    00000010     (__TI_cinit_table)

.init_array 
*          0    00000000    00000000     UNINITIALIZED

.vtable    0    20000000    0000026c     UNINITIALIZED
                  20000000    0000026c     driverlib.lib : interrupt.obj (.vtable)

.data      0    2000026c    00000004     UNINITIALIZED
                  2000026c    00000004     step13.obj (.data)

.stack     0    20000270    00000200     UNINITIALIZED
                  20000270    00000004     rtsv7M4_T_le_v4SPD16_eabi.lib : boot_cortex_m.c.obj (.stack)
                  20000274    000001fc     --HOLE--

__llvm_prf_cnts 
*          0    20000000    00000000     UNINITIALIZED

MODULE SUMMARY

       Module                         code   ro data   rw data
       ------                         ----   -------   -------
    .\
       step13.obj                     1440   2         4      
       tm4c123gh6pm_startup_ccs.obj   12     620       0      
    +--+------------------------------+------+---------+---------+
       Total:                         1452   622       4      
                                                              
    ../driverlib.lib
       gpio.obj                       560    144       0      
       sysctl.obj                     582    108       0      
       interrupt.obj                  52     0         620    
       adc.obj                        268    0         0      
       pwm.obj                        110    0         0      
       systick.obj                    84     0         0      
    +--+------------------------------+------+---------+---------+
       Total:                         1656   252       620    
                                                              
    C:\ti\ccs1240\ccs\tools\compiler\ti-cgt-arm_20.2.7.LTS\lib\rtsv7M4_T_le_v4SPD16_eabi.lib
       fd_add_t2.asm.obj              438    0         0      
       fd_mul_t2.asm.obj              252    0         0      
       s_floor.c.obj                  248    0         0      
       memcpy_t2.asm.obj              156    0         0      
       fd_cmp_t2.asm.obj              134    0         0      
       copy_decompress_lzss.c.obj     104    0         0      
       autoinit.c.obj                 68     0         0      
       fd_tou_t2.asm.obj              68     0         0      
       boot_cortex_m.c.obj            52     0         0      
       u_tofd_t2.asm.obj              32     0         0      
       strcat.c.obj                   30     0         0      
       copy_zero_init.c.obj           28     0         0      
       strcpy.c.obj                   20     0         0      
       copy_decompress_none.c.obj     14     0         0      
       exit.c.obj                     4      0         0      
       pre_init.c.obj                 4      0         0      
    +--+------------------------------+------+---------+---------+
       Total:                         1652   0         0      
                                                              
       Stack:                         0      0         512    
       Linker Generated:              0      43        0      
    +--+------------------------------+------+---------+---------+
       Grand Total:                   4760   917       1136   


LINKER GENERATED COPY TABLES

__TI_cinit_table @ 00001630 records: 2, size/record: 8, table size: 16
	.vtable: load addr=00001620, load size=00000008 bytes, run addr=20000000, run size=0000026c bytes, compression=zero_init
	.data: load addr=00001628, load size=00000007 bytes, run addr=2000026c, run size=00000004 bytes, compression=lzss


LINKER GENERATED HANDLER TABLE

__TI_handler_table @ 00001610 records: 3, size/record: 4, table size: 12
	index: 0, handler: __TI_zero_init
	index: 1, handler: __TI_decompress_lzss
	index: 2, handler: __TI_decompress_none


GLOBAL SYMBOLS: SORTED ALPHABETICALLY BY Name 

address   name                          
-------   ----                          
0000140f  ADCProcessorTrigger           
00001135  ADCSequenceConfigure          
00001363  ADCSequenceDataGet            
000014c5  ADCSequenceEnable             
00001053  ADCSequenceStepConfigure      
00001509  C$$EXIT                       
00000277  DelayMs                       
000012f5  GPIODirModeSet                
000009c5  GPIOPadConfigSet              
00001185  GPIOPinConfigure              
00001427  GPIOPinTypeADC                
000013f5  GPIOPinTypeGPIOOutput         
0000143d  GPIOPinTypePWM                
000014f9  GPIOPinWrite                  
00001259  IntRegister                   
00001321  PWMGenConfigure               
000014e1  PWMGenEnable                  
000014a3  PWMGenPeriodSet               
00001491  PWMOutputState                
00001381  PWMPulseWidthSet              
000014ed  ResetISR                      
00000b31  SysCtlClockGet                
00000e3d  SysCtlClockSet                
000014ff  SysCtlDelay                   
0000128d  SysCtlPeripheralEnable        
00001455  SysTickDisable                
00001469  SysTickEnable                 
0000026d  SysTickHandler                
000013bd  SysTickIntRegister            
000014b5  SysTickPeriodSet              
20000470  __STACK_END                   
00000200  __STACK_SIZE                  
20000470  __STACK_TOP                   
00001630  __TI_CINIT_Base               
00001640  __TI_CINIT_Limit              
00001610  __TI_Handler_Table_Base       
0000161c  __TI_Handler_Table_Limit      
000011d1  __TI_auto_init_nobinit_nopinit
000010cd  __TI_decompress_lzss          
000014d3  __TI_decompress_none          
ffffffff  __TI_pprof_out_hndl           
ffffffff  __TI_prof_data_size           
ffffffff  __TI_prof_data_start          
00000000  __TI_static_base__            
000013d9  __TI_zero_init_nomemset       
00000fcd  __aeabi_cdrcmple              
00001215  __aeabi_d2uiz                 
00000817  __aeabi_dadd                  
00000c49  __aeabi_dmul                  
0000080d  __aeabi_dsub                  
00000f31  __aeabi_memcpy                
00000f31  __aeabi_memcpy4               
00000f31  __aeabi_memcpy8               
00001343  __aeabi_ui2d                  
ffffffff  __binit__                     
ffffffff  __c_args__                    
UNDEFED   __mpu_init                    
20000270  __stack                       
20000000  __start___llvm_prf_cnts       
20000000  __stop___llvm_prf_cnts        
000012c1  _c_int00_noargs               
UNDEFED   _system_post_cinit            
00001505  _system_pre_init              
00001509  abort                         
ffffffff  binit                         
00000d45  floor                         
00000d45  floorl                        
2000026c  g_cnt                         
20000000  g_pfnRAMVectors               
00000000  g_pfnVectors                  
000003ef  lcd_Home                      
000003d9  lcd_NewLine                   
0000029b  lcd_RS                        
0000039b  lcd_clear                     
000002bb  lcd_command                   
000003b1  lcd_disp                      
00000337  lcd_init                      
000002f7  lcd_transmit4                 
000002d3  lcd_transmit8                 
00000409  main                          
00000f31  memcpy                        
0000139f  strcat                        
0000147d  strcpy                        


GLOBAL SYMBOLS: SORTED BY Symbol Address 

address   name                          
-------   ----                          
00000000  __TI_static_base__            
00000000  g_pfnVectors                  
00000200  __STACK_SIZE                  
0000026d  SysTickHandler                
00000277  DelayMs                       
0000029b  lcd_RS                        
000002bb  lcd_command                   
000002d3  lcd_transmit8                 
000002f7  lcd_transmit4                 
00000337  lcd_init                      
0000039b  lcd_clear                     
000003b1  lcd_disp                      
000003d9  lcd_NewLine                   
000003ef  lcd_Home                      
00000409  main                          
0000080d  __aeabi_dsub                  
00000817  __aeabi_dadd                  
000009c5  GPIOPadConfigSet              
00000b31  SysCtlClockGet                
00000c49  __aeabi_dmul                  
00000d45  floor                         
00000d45  floorl                        
00000e3d  SysCtlClockSet                
00000f31  __aeabi_memcpy                
00000f31  __aeabi_memcpy4               
00000f31  __aeabi_memcpy8               
00000f31  memcpy                        
00000fcd  __aeabi_cdrcmple              
00001053  ADCSequenceStepConfigure      
000010cd  __TI_decompress_lzss          
00001135  ADCSequenceConfigure          
00001185  GPIOPinConfigure              
000011d1  __TI_auto_init_nobinit_nopinit
00001215  __aeabi_d2uiz                 
00001259  IntRegister                   
0000128d  SysCtlPeripheralEnable        
000012c1  _c_int00_noargs               
000012f5  GPIODirModeSet                
00001321  PWMGenConfigure               
00001343  __aeabi_ui2d                  
00001363  ADCSequenceDataGet            
00001381  PWMPulseWidthSet              
0000139f  strcat                        
000013bd  SysTickIntRegister            
000013d9  __TI_zero_init_nomemset       
000013f5  GPIOPinTypeGPIOOutput         
0000140f  ADCProcessorTrigger           
00001427  GPIOPinTypeADC                
0000143d  GPIOPinTypePWM                
00001455  SysTickDisable                
00001469  SysTickEnable                 
0000147d  strcpy                        
00001491  PWMOutputState                
000014a3  PWMGenPeriodSet               
000014b5  SysTickPeriodSet              
000014c5  ADCSequenceEnable             
000014d3  __TI_decompress_none          
000014e1  PWMGenEnable                  
000014ed  ResetISR                      
000014f9  GPIOPinWrite                  
000014ff  SysCtlDelay                   
00001505  _system_pre_init              
00001509  C$$EXIT                       
00001509  abort                         
00001610  __TI_Handler_Table_Base       
0000161c  __TI_Handler_Table_Limit      
00001630  __TI_CINIT_Base               
00001640  __TI_CINIT_Limit              
20000000  __start___llvm_prf_cnts       
20000000  __stop___llvm_prf_cnts        
20000000  g_pfnRAMVectors               
2000026c  g_cnt                         
20000270  __stack                       
20000470  __STACK_END                   
20000470  __STACK_TOP                   
ffffffff  __TI_pprof_out_hndl           
ffffffff  __TI_prof_data_size           
ffffffff  __TI_prof_data_start          
ffffffff  __binit__                     
ffffffff  __c_args__                    
ffffffff  binit                         
UNDEFED   __mpu_init                    
UNDEFED   _system_post_cinit            

[83 symbols]
