******************************************************************************
                  TI ARM Linker PC v20.2.7                     
******************************************************************************
>> Linked Wed Aug 30 13:48:09 2023

OUTPUT FILE NAME:   <step15.out>
ENTRY POINT SYMBOL: "_c_int00_noinit_noargs"  address: 00000801


MEMORY CONFIGURATION

         name            origin    length      used     unused   attr    fill
----------------------  --------  ---------  --------  --------  ----  --------
  FLASH                 00000000   00040000  000009ae  0003f652  R  X
  SRAM                  20000000   00008000  00000200  00007e00  RW X


SEGMENT ALLOCATION MAP

run origin  load origin   length   init length attrs members
----------  ----------- ---------- ----------- ----- -------
00000000    00000000    000009b0   000009b0    r-x
  00000000    00000000    0000026c   0000026c    r-- .intvecs
  0000026c    0000026c    00000646   00000646    r-x .text
  000008b4    000008b4    000000fc   000000fc    r-- .const
20000000    20000000    00000200   00000000    rw-
  20000000    20000000    00000200   00000000    rw- .stack


SECTION ALLOCATION MAP

 output                                  attributes/
section   page    origin      length       input sections
--------  ----  ----------  ----------   ----------------
.intvecs   0    00000000    0000026c     
                  00000000    0000026c     tm4c123gh6pm_startup_ccs.obj (.intvecs)

.text      0    0000026c    00000646     
                  0000026c    0000016c     driverlib.lib : gpio.obj (.text:GPIOPadConfigSet)
                  000003d8    00000128     step15.obj (.text)
                  00000500    00000118     driverlib.lib : sysctl.obj (.text:SysCtlClockGet)
                  00000618    000000f4                   : sysctl.obj (.text:SysCtlClockSet)
                  0000070c    0000004c                   : gpio.obj (.text:GPIOPinConfigure)
                  00000758    00000046                   : uart.obj (.text:UARTConfigSetExpClk)
                  0000079e    00000002     --HOLE-- [fill = 0]
                  000007a0    00000034                   : sysctl.obj (.text:SysCtlPeripheralEnable)
                  000007d4    0000002c                   : gpio.obj (.text:GPIODirModeSet)
                  00000800    0000002c     rtsv7M4_T_le_v4SPD16_eabi.lib : boot_cortex_m.c.obj (.text:_c_int00_noinit_noargs:_c_int00_noinit_noargs)
                  0000082c    00000020     driverlib.lib : uart.obj (.text:UARTDisable)
                  0000084c    00000016                   : gpio.obj (.text:GPIOPinTypeUART)
                  00000862    00000014                   : uart.obj (.text:UARTEnable)
                  00000876    0000000e                   : uart.obj (.text:UARTCharsAvail)
                  00000884    0000000c     tm4c123gh6pm_startup_ccs.obj (.text)
                  00000890    0000000a     driverlib.lib : uart.obj (.text:UARTCharGet)
                  0000089a    0000000a                   : uart.obj (.text:UARTCharPut)
                  000008a4    00000006                   : sysctl.obj (.text:SysCtlDelay)
                  000008aa    00000004     rtsv7M4_T_le_v4SPD16_eabi.lib : pre_init.c.obj (.text:_system_pre_init)
                  000008ae    00000004                                   : exit.c.obj (.text:abort:abort)

.const     0    000008b4    000000fc     
                  000008b4    00000090     driverlib.lib : gpio.obj (.const:g_pui32GPIOBaseAddrs)
                  00000944    0000006c                   : sysctl.obj (.const:g_pui32Xtals)

.cinit     0    00000000    00000000     UNINITIALIZED

.init_array 
*          0    00000000    00000000     UNINITIALIZED

.stack     0    20000000    00000200     UNINITIALIZED
                  20000000    00000004     rtsv7M4_T_le_v4SPD16_eabi.lib : boot_cortex_m.c.obj (.stack)
                  20000004    000001fc     --HOLE--

__llvm_prf_cnts 
*          0    20000000    00000000     UNINITIALIZED

MODULE SUMMARY

       Module                         code   ro data   rw data
       ------                         ----   -------   -------
    .\
       tm4c123gh6pm_startup_ccs.obj   12     620       0      
       step15.obj                     296    0         0      
    +--+------------------------------+------+---------+---------+
       Total:                         308    620       0      
                                                              
    ../driverlib.lib
       sysctl.obj                     582    108       0      
       gpio.obj                       506    144       0      
       uart.obj                       156    0         0      
    +--+------------------------------+------+---------+---------+
       Total:                         1244   252       0      
                                                              
    C:\ti\ccs1240\ccs\tools\compiler\ti-cgt-arm_20.2.7.LTS\lib\rtsv7M4_T_le_v4SPD16_eabi.lib
       boot_cortex_m.c.obj            44     0         0      
       exit.c.obj                     4      0         0      
       pre_init.c.obj                 4      0         0      
    +--+------------------------------+------+---------+---------+
       Total:                         52     0         0      
                                                              
       Stack:                         0      0         512    
    +--+------------------------------+------+---------+---------+
       Grand Total:                   1604   872       512    


GLOBAL SYMBOLS: SORTED ALPHABETICALLY BY Name 

address   name                   
-------   ----                   
000008af  C$$EXIT                
000007d5  GPIODirModeSet         
0000026d  GPIOPadConfigSet       
0000070d  GPIOPinConfigure       
0000084d  GPIOPinTypeUART        
00000885  ResetISR               
00000501  SysCtlClockGet         
00000619  SysCtlClockSet         
000008a5  SysCtlDelay            
000007a1  SysCtlPeripheralEnable 
00000891  UARTCharGet            
0000089b  UARTCharPut            
00000877  UARTCharsAvail         
00000759  UARTConfigSetExpClk    
0000082d  UARTDisable            
00000863  UARTEnable             
20000200  __STACK_END            
00000200  __STACK_SIZE           
20000200  __STACK_TOP            
ffffffff  __TI_pprof_out_hndl    
ffffffff  __TI_prof_data_size    
ffffffff  __TI_prof_data_start   
00000000  __TI_static_base__     
ffffffff  __binit__              
ffffffff  __c_args__             
UNDEFED   __mpu_init             
20000000  __stack                
20000000  __start___llvm_prf_cnts
20000000  __stop___llvm_prf_cnts 
00000801  _c_int00_noinit_noargs 
000008ab  _system_pre_init       
000008af  abort                  
ffffffff  binit                  
00000000  g_pfnVectors           
000003d9  main                   


GLOBAL SYMBOLS: SORTED BY Symbol Address 

address   name                   
-------   ----                   
00000000  __TI_static_base__     
00000000  g_pfnVectors           
00000200  __STACK_SIZE           
0000026d  GPIOPadConfigSet       
000003d9  main                   
00000501  SysCtlClockGet         
00000619  SysCtlClockSet         
0000070d  GPIOPinConfigure       
00000759  UARTConfigSetExpClk    
000007a1  SysCtlPeripheralEnable 
000007d5  GPIODirModeSet         
00000801  _c_int00_noinit_noargs 
0000082d  UARTDisable            
0000084d  GPIOPinTypeUART        
00000863  UARTEnable             
00000877  UARTCharsAvail         
00000885  ResetISR               
00000891  UARTCharGet            
0000089b  UARTCharPut            
000008a5  SysCtlDelay            
000008ab  _system_pre_init       
000008af  C$$EXIT                
000008af  abort                  
20000000  __stack                
20000000  __start___llvm_prf_cnts
20000000  __stop___llvm_prf_cnts 
20000200  __STACK_END            
20000200  __STACK_TOP            
ffffffff  __TI_pprof_out_hndl    
ffffffff  __TI_prof_data_size    
ffffffff  __TI_prof_data_start   
ffffffff  __binit__              
ffffffff  __c_args__             
ffffffff  binit                  
UNDEFED   __mpu_init             

[35 symbols]
