******************************************************************************
                  TI ARM Linker PC v20.2.7                     
******************************************************************************
>> Linked Wed Aug 23 09:11:26 2023

OUTPUT FILE NAME:   <step10-2.out>
ENTRY POINT SYMBOL: "_c_int00_noinit_noargs"  address: 00000841


MEMORY CONFIGURATION

         name            origin    length      used     unused   attr    fill
----------------------  --------  ---------  --------  --------  ----  --------
  FLASH                 00000000   00040000  00000a60  0003f5a0  R  X
  SRAM                  20000000   00008000  00000200  00007e00  RW X


SEGMENT ALLOCATION MAP

run origin  load origin   length   init length attrs members
----------  ----------- ---------- ----------- ----- -------
00000000    00000000    00000a60   00000a60    r-x
  00000000    00000000    0000026c   0000026c    r-- .intvecs
  0000026c    0000026c    000006f8   000006f8    r-x .text
  00000964    00000964    000000fc   000000fc    r-- .const
20000000    20000000    00000200   00000000    rw-
  20000000    20000000    00000200   00000000    rw- .stack


SECTION ALLOCATION MAP

 output                                  attributes/
section   page    origin      length       input sections
--------  ----  ----------  ----------   ----------------
.intvecs   0    00000000    0000026c     
                  00000000    0000026c     tm4c123gh6pm_startup_ccs.obj (.intvecs)

.text      0    0000026c    000006f8     
                  0000026c    0000016c     driverlib.lib : gpio.obj (.text:GPIOPadConfigSet)
                  000003d8    00000118                   : sysctl.obj (.text:SysCtlClockGet)
                  000004f0    000000f4                   : sysctl.obj (.text:SysCtlClockSet)
                  000005e4    000000e8     step10-2.obj (.text)
                  000006cc    0000007a     driverlib.lib : adc.obj (.text:ADCSequenceStepConfigure)
                  00000746    0000004e                   : adc.obj (.text:ADCSequenceConfigure)
                  00000794    0000004c                   : gpio.obj (.text:GPIOPinConfigure)
                  000007e0    00000034                   : sysctl.obj (.text:SysCtlPeripheralEnable)
                  00000814    0000002c                   : gpio.obj (.text:GPIODirModeSet)
                  00000840    0000002c     rtsv7M4_T_le_v4SPD16_eabi.lib : boot_cortex_m.c.obj (.text:_c_int00_noinit_noargs:_c_int00_noinit_noargs)
                  0000086c    00000022     driverlib.lib : pwm.obj (.text:PWMGenConfigure)
                  0000088e    0000001e                   : adc.obj (.text:ADCSequenceDataGet)
                  000008ac    0000001e                   : pwm.obj (.text:PWMPulseWidthSet)
                  000008ca    00000018                   : adc.obj (.text:ADCProcessorTrigger)
                  000008e2    00000016                   : gpio.obj (.text:GPIOPinTypeADC)
                  000008f8    00000016                   : gpio.obj (.text:GPIOPinTypePWM)
                  0000090e    00000012                   : pwm.obj (.text:PWMOutputState)
                  00000920    00000010                   : pwm.obj (.text:PWMGenPeriodSet)
                  00000930    0000000e                   : adc.obj (.text:ADCSequenceEnable)
                  0000093e    0000000c                   : pwm.obj (.text:PWMGenEnable)
                  0000094a    0000000c     tm4c123gh6pm_startup_ccs.obj (.text)
                  00000956    00000006     driverlib.lib : sysctl.obj (.text:SysCtlDelay)
                  0000095c    00000004     rtsv7M4_T_le_v4SPD16_eabi.lib : pre_init.c.obj (.text:_system_pre_init)
                  00000960    00000004                                   : exit.c.obj (.text:abort:abort)

.const     0    00000964    000000fc     
                  00000964    00000090     driverlib.lib : gpio.obj (.const:g_pui32GPIOBaseAddrs)
                  000009f4    0000006c                   : sysctl.obj (.const:g_pui32Xtals)

.cinit     0    00000000    00000000     UNINITIALIZED

.init_array 
*          0    00000000    00000000     UNINITIALIZED

.stack     0    20000000    00000200     UNINITIALIZED
                  20000000    00000004     rtsv7M4_T_le_v4SPD16_eabi.lib : boot_cortex_m.c.obj (.stack)
                  20000004    000001fc     --HOLE--

__llvm_prf_cnts 
*          0    20000000    00000000     UNINITIALIZED

MODULE SUMMARY

       Module                         code   ro data   rw data
       ------                         ----   -------   -------
    .\
       tm4c123gh6pm_startup_ccs.obj   12     620       0      
       step10-2.obj                   232    0         0      
    +--+------------------------------+------+---------+---------+
       Total:                         244    620       0      
                                                              
    ../driverlib.lib
       sysctl.obj                     582    108       0      
       gpio.obj                       528    144       0      
       adc.obj                        268    0         0      
       pwm.obj                        110    0         0      
    +--+------------------------------+------+---------+---------+
       Total:                         1488   252       0      
                                                              
    C:\ti\ccs1240\ccs\tools\compiler\ti-cgt-arm_20.2.7.LTS\lib\rtsv7M4_T_le_v4SPD16_eabi.lib
       boot_cortex_m.c.obj            44     0         0      
       exit.c.obj                     4      0         0      
       pre_init.c.obj                 4      0         0      
    +--+------------------------------+------+---------+---------+
       Total:                         52     0         0      
                                                              
       Stack:                         0      0         512    
    +--+------------------------------+------+---------+---------+
       Grand Total:                   1784   872       512    


GLOBAL SYMBOLS: SORTED ALPHABETICALLY BY Name 

address   name                    
-------   ----                    
000008cb  ADCProcessorTrigger     
00000747  ADCSequenceConfigure    
0000088f  ADCSequenceDataGet      
00000931  ADCSequenceEnable       
000006cd  ADCSequenceStepConfigure
00000961  C$$EXIT                 
00000815  GPIODirModeSet          
0000026d  GPIOPadConfigSet        
00000795  GPIOPinConfigure        
000008e3  GPIOPinTypeADC          
000008f9  GPIOPinTypePWM          
0000086d  PWMGenConfigure         
0000093f  PWMGenEnable            
00000921  PWMGenPeriodSet         
0000090f  PWMOutputState          
000008ad  PWMPulseWidthSet        
0000094b  ResetISR                
000003d9  SysCtlClockGet          
000004f1  SysCtlClockSet          
00000957  SysCtlDelay             
000007e1  SysCtlPeripheralEnable  
20000200  __STACK_END             
00000200  __STACK_SIZE            
20000200  __STACK_TOP             
ffffffff  __TI_pprof_out_hndl     
ffffffff  __TI_prof_data_size     
ffffffff  __TI_prof_data_start    
00000000  __TI_static_base__      
ffffffff  __binit__               
ffffffff  __c_args__              
UNDEFED   __mpu_init              
20000000  __stack                 
20000000  __start___llvm_prf_cnts 
20000000  __stop___llvm_prf_cnts  
00000841  _c_int00_noinit_noargs  
0000095d  _system_pre_init        
00000961  abort                   
ffffffff  binit                   
00000000  g_pfnVectors            
000005e5  main                    


GLOBAL SYMBOLS: SORTED BY Symbol Address 

address   name                    
-------   ----                    
00000000  __TI_static_base__      
00000000  g_pfnVectors            
00000200  __STACK_SIZE            
0000026d  GPIOPadConfigSet        
000003d9  SysCtlClockGet          
000004f1  SysCtlClockSet          
000005e5  main                    
000006cd  ADCSequenceStepConfigure
00000747  ADCSequenceConfigure    
00000795  GPIOPinConfigure        
000007e1  SysCtlPeripheralEnable  
00000815  GPIODirModeSet          
00000841  _c_int00_noinit_noargs  
0000086d  PWMGenConfigure         
0000088f  ADCSequenceDataGet      
000008ad  PWMPulseWidthSet        
000008cb  ADCProcessorTrigger     
000008e3  GPIOPinTypeADC          
000008f9  GPIOPinTypePWM          
0000090f  PWMOutputState          
00000921  PWMGenPeriodSet         
00000931  ADCSequenceEnable       
0000093f  PWMGenEnable            
0000094b  ResetISR                
00000957  SysCtlDelay             
0000095d  _system_pre_init        
00000961  C$$EXIT                 
00000961  abort                   
20000000  __stack                 
20000000  __start___llvm_prf_cnts 
20000000  __stop___llvm_prf_cnts  
20000200  __STACK_END             
20000200  __STACK_TOP             
ffffffff  __TI_pprof_out_hndl     
ffffffff  __TI_prof_data_size     
ffffffff  __TI_prof_data_start    
ffffffff  __binit__               
ffffffff  __c_args__              
ffffffff  binit                   
UNDEFED   __mpu_init              

[40 symbols]
