******************************************************************************
                  TI ARM Linker PC v20.2.7                     
******************************************************************************
>> Linked Thu Aug 31 16:08:57 2023

OUTPUT FILE NAME:   <step13.out>
ENTRY POINT SYMBOL: "_c_int00_noargs"  address: 000012d9


MEMORY CONFIGURATION

         name            origin    length      used     unused   attr    fill
----------------------  --------  ---------  --------  --------  ----  --------
  FLASH                 00000000   00040000  00001666  0003e99a  R  X
  SRAM                  20000000   00008000  00000470  00007b90  RW X


SEGMENT ALLOCATION MAP

run origin  load origin   length   init length attrs members
----------  ----------- ---------- ----------- ----- -------
00000000    00000000    00001668   00001668    r-x
  00000000    00000000    0000026c   0000026c    r-- .intvecs
  0000026c    0000026c    000012cc   000012cc    r-x .text
  00001538    00001538    000000fe   000000fe    r-- .const
  00001638    00001638    00000030   00000030    r-- .cinit
20000000    20000000    00000470   00000000    rw-
  20000000    20000000    0000026c   00000000    rw- .vtable
  2000026c    2000026c    00000004   00000000    rw- .data
  20000270    20000270    00000200   00000000    rw- .stack


SECTION ALLOCATION MAP

 output                                  attributes/
section   page    origin      length       input sections
--------  ----  ----------  ----------   ----------------
.intvecs   0    00000000    0000026c     
                  00000000    0000026c     tm4c123gh6pm_startup_ccs.obj (.intvecs)

.text      0    0000026c    000012cc     
                  0000026c    000005b8     step13.obj (.text)
                  00000824    000001b6     rtsv7M4_T_le_v4SPD16_eabi.lib : fd_add_t2.asm.obj (.text)
                  000009da    00000002     --HOLE-- [fill = 0]
                  000009dc    0000016c     driverlib.lib : gpio.obj (.text:GPIOPadConfigSet)
                  00000b48    00000118                   : sysctl.obj (.text:SysCtlClockGet)
                  00000c60    000000fc     rtsv7M4_T_le_v4SPD16_eabi.lib : fd_mul_t2.asm.obj (.text)
                  00000d5c    000000f8                                   : s_floor.c.obj (.text:floor)
                  00000e54    000000f4     driverlib.lib : sysctl.obj (.text:SysCtlClockSet)
                  00000f48    0000009c     rtsv7M4_T_le_v4SPD16_eabi.lib : memcpy_t2.asm.obj (.text)
                  00000fe4    00000086                                   : fd_cmp_t2.asm.obj (.text:__aeabi_cdrcmple)
                  0000106a    0000007a     driverlib.lib : adc.obj (.text:ADCSequenceStepConfigure)
                  000010e4    00000068     rtsv7M4_T_le_v4SPD16_eabi.lib : copy_decompress_lzss.c.obj (.text:decompress:lzss:__TI_decompress_lzss)
                  0000114c    0000004e     driverlib.lib : adc.obj (.text:ADCSequenceConfigure)
                  0000119a    00000002     --HOLE-- [fill = 0]
                  0000119c    0000004c                   : gpio.obj (.text:GPIOPinConfigure)
                  000011e8    00000044     rtsv7M4_T_le_v4SPD16_eabi.lib : autoinit.c.obj (.text:__TI_auto_init_nobinit_nopinit:__TI_auto_init_nobinit_nopinit)
                  0000122c    00000044                                   : fd_tou_t2.asm.obj (.text)
                  00001270    00000034     driverlib.lib : interrupt.obj (.text:IntRegister)
                  000012a4    00000034                   : sysctl.obj (.text:SysCtlPeripheralEnable)
                  000012d8    00000034     rtsv7M4_T_le_v4SPD16_eabi.lib : boot_cortex_m.c.obj (.text:_c_int00_noargs:_c_int00_noargs)
                  0000130c    0000002c     driverlib.lib : gpio.obj (.text:GPIODirModeSet)
                  00001338    00000022                   : pwm.obj (.text:PWMGenConfigure)
                  0000135a    00000020     rtsv7M4_T_le_v4SPD16_eabi.lib : u_tofd_t2.asm.obj (.text)
                  0000137a    0000001e     driverlib.lib : adc.obj (.text:ADCSequenceDataGet)
                  00001398    0000001e                   : pwm.obj (.text:PWMPulseWidthSet)
                  000013b6    0000001e     rtsv7M4_T_le_v4SPD16_eabi.lib : strcat.c.obj (.text:strcat)
                  000013d4    0000001c     driverlib.lib : systick.obj (.text:SysTickIntRegister)
                  000013f0    0000001c     rtsv7M4_T_le_v4SPD16_eabi.lib : copy_zero_init.c.obj (.text:decompress:ZI:__TI_zero_init_nomemset:__TI_zero_init_nomemset)
                  0000140c    0000001a     driverlib.lib : gpio.obj (.text:GPIOPinTypeGPIOOutput)
                  00001426    00000018                   : adc.obj (.text:ADCProcessorTrigger)
                  0000143e    00000016                   : gpio.obj (.text:GPIOPinTypeADC)
                  00001454    00000016                   : gpio.obj (.text:GPIOPinTypeGPIOInput)
                  0000146a    00000016                   : gpio.obj (.text:GPIOPinTypePWM)
                  00001480    00000014                   : systick.obj (.text:SysTickDisable)
                  00001494    00000014                   : systick.obj (.text:SysTickEnable)
                  000014a8    00000014     rtsv7M4_T_le_v4SPD16_eabi.lib : strcpy.c.obj (.text:strcpy)
                  000014bc    00000012     driverlib.lib : pwm.obj (.text:PWMOutputState)
                  000014ce    00000010                   : pwm.obj (.text:PWMGenPeriodSet)
                  000014de    00000002     --HOLE-- [fill = 0]
                  000014e0    00000010                   : systick.obj (.text:SysTickPeriodSet)
                  000014f0    0000000e                   : adc.obj (.text:ADCSequenceEnable)
                  000014fe    0000000e     rtsv7M4_T_le_v4SPD16_eabi.lib : copy_decompress_none.c.obj (.text:decompress:none:__TI_decompress_none)
                  0000150c    0000000c     driverlib.lib : pwm.obj (.text:PWMGenEnable)
                  00001518    0000000c     tm4c123gh6pm_startup_ccs.obj (.text)
                  00001524    00000006     driverlib.lib : gpio.obj (.text:GPIOPinWrite)
                  0000152a    00000006                   : sysctl.obj (.text:SysCtlDelay)
                  00001530    00000004     rtsv7M4_T_le_v4SPD16_eabi.lib : pre_init.c.obj (.text:_system_pre_init)
                  00001534    00000004                                   : exit.c.obj (.text:abort:abort)

.const     0    00001538    000000fe     
                  00001538    00000090     driverlib.lib : gpio.obj (.const:g_pui32GPIOBaseAddrs)
                  000015c8    0000006c                   : sysctl.obj (.const:g_pui32Xtals)
                  00001634    00000002     step13.obj (.const:.string:$P$T0$1)

.cinit     0    00001638    00000030     
                  00001638    0000000c     (__TI_handler_table)
                  00001644    00000004     --HOLE-- [fill = 0]
                  00001648    00000008     (.cinit..vtable.load) [load image, compression = zero_init]
                  00001650    00000007     (.cinit..data.load) [load image, compression = lzss]
                  00001657    00000001     --HOLE-- [fill = 0]
                  00001658    00000010     (__TI_cinit_table)

.init_array 
*          0    00000000    00000000     UNINITIALIZED

.vtable    0    20000000    0000026c     UNINITIALIZED
                  20000000    0000026c     driverlib.lib : interrupt.obj (.vtable)

.data      0    2000026c    00000004     UNINITIALIZED
                  2000026c    00000004     step13.obj (.data)

.stack     0    20000270    00000200     UNINITIALIZED
                  20000270    00000004     rtsv7M4_T_le_v4SPD16_eabi.lib : boot_cortex_m.c.obj (.stack)
                  20000274    000001fc     --HOLE--

__llvm_prf_cnts 
*          0    20000000    00000000     UNINITIALIZED

MODULE SUMMARY

       Module                         code   ro data   rw data
       ------                         ----   -------   -------
    .\
       step13.obj                     1464   2         4      
       tm4c123gh6pm_startup_ccs.obj   12     620       0      
    +--+------------------------------+------+---------+---------+
       Total:                         1476   622       4      
                                                              
    ../driverlib.lib
       gpio.obj                       582    144       0      
       sysctl.obj                     582    108       0      
       interrupt.obj                  52     0         620    
       adc.obj                        268    0         0      
       pwm.obj                        110    0         0      
       systick.obj                    84     0         0      
    +--+------------------------------+------+---------+---------+
       Total:                         1678   252       620    
                                                              
    C:\ti\ccs1240\ccs\tools\compiler\ti-cgt-arm_20.2.7.LTS\lib\rtsv7M4_T_le_v4SPD16_eabi.lib
       fd_add_t2.asm.obj              438    0         0      
       fd_mul_t2.asm.obj              252    0         0      
       s_floor.c.obj                  248    0         0      
       memcpy_t2.asm.obj              156    0         0      
       fd_cmp_t2.asm.obj              134    0         0      
       copy_decompress_lzss.c.obj     104    0         0      
       autoinit.c.obj                 68     0         0      
       fd_tou_t2.asm.obj              68     0         0      
       boot_cortex_m.c.obj            52     0         0      
       u_tofd_t2.asm.obj              32     0         0      
       strcat.c.obj                   30     0         0      
       copy_zero_init.c.obj           28     0         0      
       strcpy.c.obj                   20     0         0      
       copy_decompress_none.c.obj     14     0         0      
       exit.c.obj                     4      0         0      
       pre_init.c.obj                 4      0         0      
    +--+------------------------------+------+---------+---------+
       Total:                         1652   0         0      
                                                              
       Stack:                         0      0         512    
       Linker Generated:              0      43        0      
    +--+------------------------------+------+---------+---------+
       Grand Total:                   4806   917       1136   


LINKER GENERATED COPY TABLES

__TI_cinit_table @ 00001658 records: 2, size/record: 8, table size: 16
	.vtable: load addr=00001648, load size=00000008 bytes, run addr=20000000, run size=0000026c bytes, compression=zero_init
	.data: load addr=00001650, load size=00000007 bytes, run addr=2000026c, run size=00000004 bytes, compression=lzss


LINKER GENERATED HANDLER TABLE

__TI_handler_table @ 00001638 records: 3, size/record: 4, table size: 12
	index: 0, handler: __TI_zero_init
	index: 1, handler: __TI_decompress_lzss
	index: 2, handler: __TI_decompress_none


GLOBAL SYMBOLS: SORTED ALPHABETICALLY BY Name 

address   name                          
-------   ----                          
00001427  ADCProcessorTrigger           
0000114d  ADCSequenceConfigure          
0000137b  ADCSequenceDataGet            
000014f1  ADCSequenceEnable             
0000106b  ADCSequenceStepConfigure      
00001535  C$$EXIT                       
00000277  DelayMs                       
0000130d  GPIODirModeSet                
000009dd  GPIOPadConfigSet              
0000119d  GPIOPinConfigure              
0000143f  GPIOPinTypeADC                
00001455  GPIOPinTypeGPIOInput          
0000140d  GPIOPinTypeGPIOOutput         
0000146b  GPIOPinTypePWM                
00001525  GPIOPinWrite                  
00001271  IntRegister                   
00001339  PWMGenConfigure               
0000150d  PWMGenEnable                  
000014cf  PWMGenPeriodSet               
000014bd  PWMOutputState                
00001399  PWMPulseWidthSet              
00001519  ResetISR                      
00000b49  SysCtlClockGet                
00000e55  SysCtlClockSet                
0000152b  SysCtlDelay                   
000012a5  SysCtlPeripheralEnable        
00001481  SysTickDisable                
00001495  SysTickEnable                 
0000026d  SysTickHandler                
000013d5  SysTickIntRegister            
000014e1  SysTickPeriodSet              
20000470  __STACK_END                   
00000200  __STACK_SIZE                  
20000470  __STACK_TOP                   
00001658  __TI_CINIT_Base               
00001668  __TI_CINIT_Limit              
00001638  __TI_Handler_Table_Base       
00001644  __TI_Handler_Table_Limit      
000011e9  __TI_auto_init_nobinit_nopinit
000010e5  __TI_decompress_lzss          
000014ff  __TI_decompress_none          
ffffffff  __TI_pprof_out_hndl           
ffffffff  __TI_prof_data_size           
ffffffff  __TI_prof_data_start          
00000000  __TI_static_base__            
000013f1  __TI_zero_init_nomemset       
00000fe5  __aeabi_cdrcmple              
0000122d  __aeabi_d2uiz                 
0000082f  __aeabi_dadd                  
00000c61  __aeabi_dmul                  
00000825  __aeabi_dsub                  
00000f49  __aeabi_memcpy                
00000f49  __aeabi_memcpy4               
00000f49  __aeabi_memcpy8               
0000135b  __aeabi_ui2d                  
ffffffff  __binit__                     
ffffffff  __c_args__                    
UNDEFED   __mpu_init                    
20000270  __stack                       
20000000  __start___llvm_prf_cnts       
20000000  __stop___llvm_prf_cnts        
000012d9  _c_int00_noargs               
UNDEFED   _system_post_cinit            
00001531  _system_pre_init              
00001535  abort                         
ffffffff  binit                         
00000d5d  floor                         
00000d5d  floorl                        
2000026c  g_cnt                         
20000000  g_pfnRAMVectors               
00000000  g_pfnVectors                  
000003ef  lcd_Home                      
000003d9  lcd_NewLine                   
0000029b  lcd_RS                        
0000039b  lcd_clear                     
000002bb  lcd_command                   
000003b1  lcd_disp                      
00000337  lcd_init                      
000002f7  lcd_transmit4                 
000002d3  lcd_transmit8                 
00000409  main                          
00000f49  memcpy                        
000013b7  strcat                        
000014a9  strcpy                        


GLOBAL SYMBOLS: SORTED BY Symbol Address 

address   name                          
-------   ----                          
00000000  __TI_static_base__            
00000000  g_pfnVectors                  
00000200  __STACK_SIZE                  
0000026d  SysTickHandler                
00000277  DelayMs                       
0000029b  lcd_RS                        
000002bb  lcd_command                   
000002d3  lcd_transmit8                 
000002f7  lcd_transmit4                 
00000337  lcd_init                      
0000039b  lcd_clear                     
000003b1  lcd_disp                      
000003d9  lcd_NewLine                   
000003ef  lcd_Home                      
00000409  main                          
00000825  __aeabi_dsub                  
0000082f  __aeabi_dadd                  
000009dd  GPIOPadConfigSet              
00000b49  SysCtlClockGet                
00000c61  __aeabi_dmul                  
00000d5d  floor                         
00000d5d  floorl                        
00000e55  SysCtlClockSet                
00000f49  __aeabi_memcpy                
00000f49  __aeabi_memcpy4               
00000f49  __aeabi_memcpy8               
00000f49  memcpy                        
00000fe5  __aeabi_cdrcmple              
0000106b  ADCSequenceStepConfigure      
000010e5  __TI_decompress_lzss          
0000114d  ADCSequenceConfigure          
0000119d  GPIOPinConfigure              
000011e9  __TI_auto_init_nobinit_nopinit
0000122d  __aeabi_d2uiz                 
00001271  IntRegister                   
000012a5  SysCtlPeripheralEnable        
000012d9  _c_int00_noargs               
0000130d  GPIODirModeSet                
00001339  PWMGenConfigure               
0000135b  __aeabi_ui2d                  
0000137b  ADCSequenceDataGet            
00001399  PWMPulseWidthSet              
000013b7  strcat                        
000013d5  SysTickIntRegister            
000013f1  __TI_zero_init_nomemset       
0000140d  GPIOPinTypeGPIOOutput         
00001427  ADCProcessorTrigger           
0000143f  GPIOPinTypeADC                
00001455  GPIOPinTypeGPIOInput          
0000146b  GPIOPinTypePWM                
00001481  SysTickDisable                
00001495  SysTickEnable                 
000014a9  strcpy                        
000014bd  PWMOutputState                
000014cf  PWMGenPeriodSet               
000014e1  SysTickPeriodSet              
000014f1  ADCSequenceEnable             
000014ff  __TI_decompress_none          
0000150d  PWMGenEnable                  
00001519  ResetISR                      
00001525  GPIOPinWrite                  
0000152b  SysCtlDelay                   
00001531  _system_pre_init              
00001535  C$$EXIT                       
00001535  abort                         
00001638  __TI_Handler_Table_Base       
00001644  __TI_Handler_Table_Limit      
00001658  __TI_CINIT_Base               
00001668  __TI_CINIT_Limit              
20000000  __start___llvm_prf_cnts       
20000000  __stop___llvm_prf_cnts        
20000000  g_pfnRAMVectors               
2000026c  g_cnt                         
20000270  __stack                       
20000470  __STACK_END                   
20000470  __STACK_TOP                   
ffffffff  __TI_pprof_out_hndl           
ffffffff  __TI_prof_data_size           
ffffffff  __TI_prof_data_start          
ffffffff  __binit__                     
ffffffff  __c_args__                    
ffffffff  binit                         
UNDEFED   __mpu_init                    
UNDEFED   _system_post_cinit            

[84 symbols]
