******************************************************************************
                  TI ARM Linker PC v20.2.7                     
******************************************************************************
>> Linked Wed Aug 23 17:14:35 2023

OUTPUT FILE NAME:   <step12-1.out>
ENTRY POINT SYMBOL: "_c_int00_noinit_noargs"  address: 00000855


MEMORY CONFIGURATION

         name            origin    length      used     unused   attr    fill
----------------------  --------  ---------  --------  --------  ----  --------
  FLASH                 00000000   00040000  00000a74  0003f58c  R  X
  SRAM                  20000000   00008000  00000200  00007e00  RW X


SEGMENT ALLOCATION MAP

run origin  load origin   length   init length attrs members
----------  ----------- ---------- ----------- ----- -------
00000000    00000000    00000a74   00000a74    r-x
  00000000    00000000    0000026c   0000026c    r-- .intvecs
  0000026c    0000026c    0000070c   0000070c    r-x .text
  00000978    00000978    000000fc   000000fc    r-- .const
20000000    20000000    00000200   00000000    rw-
  20000000    20000000    00000200   00000000    rw- .stack


SECTION ALLOCATION MAP

 output                                  attributes/
section   page    origin      length       input sections
--------  ----  ----------  ----------   ----------------
.intvecs   0    00000000    0000026c     
                  00000000    0000026c     tm4c123gh6pm_startup_ccs.obj (.intvecs)

.text      0    0000026c    0000070c     
                  0000026c    0000016c     driverlib.lib : gpio.obj (.text:GPIOPadConfigSet)
                  000003d8    00000118                   : sysctl.obj (.text:SysCtlClockGet)
                  000004f0    000000fc     step12-1.obj (.text)
                  000005ec    000000f4     driverlib.lib : sysctl.obj (.text:SysCtlClockSet)
                  000006e0    0000007a                   : adc.obj (.text:ADCSequenceStepConfigure)
                  0000075a    0000004e                   : adc.obj (.text:ADCSequenceConfigure)
                  000007a8    0000004c                   : gpio.obj (.text:GPIOPinConfigure)
                  000007f4    00000034                   : sysctl.obj (.text:SysCtlPeripheralEnable)
                  00000828    0000002c                   : gpio.obj (.text:GPIODirModeSet)
                  00000854    0000002c     rtsv7M4_T_le_v4SPD16_eabi.lib : boot_cortex_m.c.obj (.text:_c_int00_noinit_noargs:_c_int00_noinit_noargs)
                  00000880    00000022     driverlib.lib : pwm.obj (.text:PWMGenConfigure)
                  000008a2    0000001e                   : adc.obj (.text:ADCSequenceDataGet)
                  000008c0    0000001e                   : pwm.obj (.text:PWMPulseWidthSet)
                  000008de    00000018                   : adc.obj (.text:ADCProcessorTrigger)
                  000008f6    00000016                   : gpio.obj (.text:GPIOPinTypeADC)
                  0000090c    00000016                   : gpio.obj (.text:GPIOPinTypePWM)
                  00000922    00000012                   : pwm.obj (.text:PWMOutputState)
                  00000934    00000010                   : pwm.obj (.text:PWMGenPeriodSet)
                  00000944    0000000e                   : adc.obj (.text:ADCSequenceEnable)
                  00000952    0000000c                   : pwm.obj (.text:PWMGenEnable)
                  0000095e    0000000c     tm4c123gh6pm_startup_ccs.obj (.text)
                  0000096a    00000006     driverlib.lib : sysctl.obj (.text:SysCtlDelay)
                  00000970    00000004     rtsv7M4_T_le_v4SPD16_eabi.lib : pre_init.c.obj (.text:_system_pre_init)
                  00000974    00000004                                   : exit.c.obj (.text:abort:abort)

.const     0    00000978    000000fc     
                  00000978    00000090     driverlib.lib : gpio.obj (.const:g_pui32GPIOBaseAddrs)
                  00000a08    0000006c                   : sysctl.obj (.const:g_pui32Xtals)

.cinit     0    00000000    00000000     UNINITIALIZED

.init_array 
*          0    00000000    00000000     UNINITIALIZED

.stack     0    20000000    00000200     UNINITIALIZED
                  20000000    00000004     rtsv7M4_T_le_v4SPD16_eabi.lib : boot_cortex_m.c.obj (.stack)
                  20000004    000001fc     --HOLE--

__llvm_prf_cnts 
*          0    20000000    00000000     UNINITIALIZED

MODULE SUMMARY

       Module                         code   ro data   rw data
       ------                         ----   -------   -------
    .\
       tm4c123gh6pm_startup_ccs.obj   12     620       0      
       step12-1.obj                   252    0         0      
    +--+------------------------------+------+---------+---------+
       Total:                         264    620       0      
                                                              
    ../driverlib.lib
       sysctl.obj                     582    108       0      
       gpio.obj                       528    144       0      
       adc.obj                        268    0         0      
       pwm.obj                        110    0         0      
    +--+------------------------------+------+---------+---------+
       Total:                         1488   252       0      
                                                              
    C:\ti\ccs1240\ccs\tools\compiler\ti-cgt-arm_20.2.7.LTS\lib\rtsv7M4_T_le_v4SPD16_eabi.lib
       boot_cortex_m.c.obj            44     0         0      
       exit.c.obj                     4      0         0      
       pre_init.c.obj                 4      0         0      
    +--+------------------------------+------+---------+---------+
       Total:                         52     0         0      
                                                              
       Stack:                         0      0         512    
    +--+------------------------------+------+---------+---------+
       Grand Total:                   1804   872       512    


GLOBAL SYMBOLS: SORTED ALPHABETICALLY BY Name 

address   name                    
-------   ----                    
000008df  ADCProcessorTrigger     
0000075b  ADCSequenceConfigure    
000008a3  ADCSequenceDataGet      
00000945  ADCSequenceEnable       
000006e1  ADCSequenceStepConfigure
00000975  C$$EXIT                 
00000829  GPIODirModeSet          
0000026d  GPIOPadConfigSet        
000007a9  GPIOPinConfigure        
000008f7  GPIOPinTypeADC          
0000090d  GPIOPinTypePWM          
00000881  PWMGenConfigure         
00000953  PWMGenEnable            
00000935  PWMGenPeriodSet         
00000923  PWMOutputState          
000008c1  PWMPulseWidthSet        
0000095f  ResetISR                
000003d9  SysCtlClockGet          
000005ed  SysCtlClockSet          
0000096b  SysCtlDelay             
000007f5  SysCtlPeripheralEnable  
20000200  __STACK_END             
00000200  __STACK_SIZE            
20000200  __STACK_TOP             
ffffffff  __TI_pprof_out_hndl     
ffffffff  __TI_prof_data_size     
ffffffff  __TI_prof_data_start    
00000000  __TI_static_base__      
ffffffff  __binit__               
ffffffff  __c_args__              
UNDEFED   __mpu_init              
20000000  __stack                 
20000000  __start___llvm_prf_cnts 
20000000  __stop___llvm_prf_cnts  
00000855  _c_int00_noinit_noargs  
00000971  _system_pre_init        
00000975  abort                   
ffffffff  binit                   
00000000  g_pfnVectors            
000004f1  main                    


GLOBAL SYMBOLS: SORTED BY Symbol Address 

address   name                    
-------   ----                    
00000000  __TI_static_base__      
00000000  g_pfnVectors            
00000200  __STACK_SIZE            
0000026d  GPIOPadConfigSet        
000003d9  SysCtlClockGet          
000004f1  main                    
000005ed  SysCtlClockSet          
000006e1  ADCSequenceStepConfigure
0000075b  ADCSequenceConfigure    
000007a9  GPIOPinConfigure        
000007f5  SysCtlPeripheralEnable  
00000829  GPIODirModeSet          
00000855  _c_int00_noinit_noargs  
00000881  PWMGenConfigure         
000008a3  ADCSequenceDataGet      
000008c1  PWMPulseWidthSet        
000008df  ADCProcessorTrigger     
000008f7  GPIOPinTypeADC          
0000090d  GPIOPinTypePWM          
00000923  PWMOutputState          
00000935  PWMGenPeriodSet         
00000945  ADCSequenceEnable       
00000953  PWMGenEnable            
0000095f  ResetISR                
0000096b  SysCtlDelay             
00000971  _system_pre_init        
00000975  C$$EXIT                 
00000975  abort                   
20000000  __stack                 
20000000  __start___llvm_prf_cnts 
20000000  __stop___llvm_prf_cnts  
20000200  __STACK_END             
20000200  __STACK_TOP             
ffffffff  __TI_pprof_out_hndl     
ffffffff  __TI_prof_data_size     
ffffffff  __TI_prof_data_start    
ffffffff  __binit__               
ffffffff  __c_args__              
ffffffff  binit                   
UNDEFED   __mpu_init              

[40 symbols]
