******************************************************************************
                  TI ARM Linker PC v20.2.7                     
******************************************************************************
>> Linked Wed Aug 23 11:25:32 2023

OUTPUT FILE NAME:   <step11-1.out>
ENTRY POINT SYMBOL: "_c_int00_noargs"  address: 00000cb5


MEMORY CONFIGURATION

         name            origin    length      used     unused   attr    fill
----------------------  --------  ---------  --------  --------  ----  --------
  FLASH                 00000000   00040000  0000100e  0003eff2  R  X
  SRAM                  20000000   00008000  00000470  00007b90  RW X


SEGMENT ALLOCATION MAP

run origin  load origin   length   init length attrs members
----------  ----------- ---------- ----------- ----- -------
00000000    00000000    00001010   00001010    r-x
  00000000    00000000    0000026c   0000026c    r-- .intvecs
  0000026c    0000026c    00000c74   00000c74    r-x .text
  00000ee0    00000ee0    000000fe   000000fe    r-- .const
  00000fe0    00000fe0    00000030   00000030    r-- .cinit
20000000    20000000    00000470   00000000    rw-
  20000000    20000000    0000026c   00000000    rw- .vtable
  2000026c    2000026c    00000004   00000000    rw- .data
  20000270    20000270    00000200   00000000    rw- .stack


SECTION ALLOCATION MAP

 output                                  attributes/
section   page    origin      length       input sections
--------  ----  ----------  ----------   ----------------
.intvecs   0    00000000    0000026c     
                  00000000    0000026c     tm4c123gh6pm_startup_ccs.obj (.intvecs)

.text      0    0000026c    00000c74     
                  0000026c    0000040c     step11-1.obj (.text)
                  00000678    0000016c     driverlib.lib : gpio.obj (.text:GPIOPadConfigSet)
                  000007e4    00000118                   : sysctl.obj (.text:SysCtlClockGet)
                  000008fc    000000f4                   : sysctl.obj (.text:SysCtlClockSet)
                  000009f0    0000009c     rtsv7M4_T_le_v4SPD16_eabi.lib : memcpy_t2.asm.obj (.text)
                  00000a8c    0000007a     driverlib.lib : adc.obj (.text:ADCSequenceStepConfigure)
                  00000b06    00000068     rtsv7M4_T_le_v4SPD16_eabi.lib : copy_decompress_lzss.c.obj (.text:decompress:lzss:__TI_decompress_lzss)
                  00000b6e    0000004e     driverlib.lib : adc.obj (.text:ADCSequenceConfigure)
                  00000bbc    0000004c                   : gpio.obj (.text:GPIOPinConfigure)
                  00000c08    00000044     rtsv7M4_T_le_v4SPD16_eabi.lib : autoinit.c.obj (.text:__TI_auto_init_nobinit_nopinit:__TI_auto_init_nobinit_nopinit)
                  00000c4c    00000034     driverlib.lib : interrupt.obj (.text:IntRegister)
                  00000c80    00000034                   : sysctl.obj (.text:SysCtlPeripheralEnable)
                  00000cb4    00000034     rtsv7M4_T_le_v4SPD16_eabi.lib : boot_cortex_m.c.obj (.text:_c_int00_noargs:_c_int00_noargs)
                  00000ce8    0000002c     driverlib.lib : gpio.obj (.text:GPIODirModeSet)
                  00000d14    00000022                   : pwm.obj (.text:PWMGenConfigure)
                  00000d36    0000001e                   : adc.obj (.text:ADCSequenceDataGet)
                  00000d54    0000001e                   : pwm.obj (.text:PWMPulseWidthSet)
                  00000d72    0000001e     rtsv7M4_T_le_v4SPD16_eabi.lib : strcat.c.obj (.text:strcat)
                  00000d90    0000001c     driverlib.lib : systick.obj (.text:SysTickIntRegister)
                  00000dac    0000001c     rtsv7M4_T_le_v4SPD16_eabi.lib : copy_zero_init.c.obj (.text:decompress:ZI:__TI_zero_init_nomemset:__TI_zero_init_nomemset)
                  00000dc8    0000001a     driverlib.lib : gpio.obj (.text:GPIOPinTypeGPIOOutput)
                  00000de2    00000018                   : adc.obj (.text:ADCProcessorTrigger)
                  00000dfa    00000016                   : gpio.obj (.text:GPIOPinTypeADC)
                  00000e10    00000016                   : gpio.obj (.text:GPIOPinTypePWM)
                  00000e26    00000002     --HOLE-- [fill = 0]
                  00000e28    00000014                   : systick.obj (.text:SysTickDisable)
                  00000e3c    00000014                   : systick.obj (.text:SysTickEnable)
                  00000e50    00000014     rtsv7M4_T_le_v4SPD16_eabi.lib : strcpy.c.obj (.text:strcpy)
                  00000e64    00000012     driverlib.lib : pwm.obj (.text:PWMOutputState)
                  00000e76    00000010                   : pwm.obj (.text:PWMGenPeriodSet)
                  00000e86    00000002     --HOLE-- [fill = 0]
                  00000e88    00000010                   : systick.obj (.text:SysTickPeriodSet)
                  00000e98    0000000e                   : adc.obj (.text:ADCSequenceEnable)
                  00000ea6    0000000e     rtsv7M4_T_le_v4SPD16_eabi.lib : copy_decompress_none.c.obj (.text:decompress:none:__TI_decompress_none)
                  00000eb4    0000000c     driverlib.lib : pwm.obj (.text:PWMGenEnable)
                  00000ec0    0000000c     tm4c123gh6pm_startup_ccs.obj (.text)
                  00000ecc    00000006     driverlib.lib : gpio.obj (.text:GPIOPinWrite)
                  00000ed2    00000006                   : sysctl.obj (.text:SysCtlDelay)
                  00000ed8    00000004     rtsv7M4_T_le_v4SPD16_eabi.lib : pre_init.c.obj (.text:_system_pre_init)
                  00000edc    00000004                                   : exit.c.obj (.text:abort:abort)

.const     0    00000ee0    000000fe     
                  00000ee0    00000090     driverlib.lib : gpio.obj (.const:g_pui32GPIOBaseAddrs)
                  00000f70    0000006c                   : sysctl.obj (.const:g_pui32Xtals)
                  00000fdc    00000002     step11-1.obj (.const:.string:$P$T0$1)

.cinit     0    00000fe0    00000030     
                  00000fe0    0000000c     (__TI_handler_table)
                  00000fec    00000004     --HOLE-- [fill = 0]
                  00000ff0    00000008     (.cinit..vtable.load) [load image, compression = zero_init]
                  00000ff8    00000007     (.cinit..data.load) [load image, compression = lzss]
                  00000fff    00000001     --HOLE-- [fill = 0]
                  00001000    00000010     (__TI_cinit_table)

.init_array 
*          0    00000000    00000000     UNINITIALIZED

.vtable    0    20000000    0000026c     UNINITIALIZED
                  20000000    0000026c     driverlib.lib : interrupt.obj (.vtable)

.data      0    2000026c    00000004     UNINITIALIZED
                  2000026c    00000004     step11-1.obj (.data)

.stack     0    20000270    00000200     UNINITIALIZED
                  20000270    00000004     rtsv7M4_T_le_v4SPD16_eabi.lib : boot_cortex_m.c.obj (.stack)
                  20000274    000001fc     --HOLE--

__llvm_prf_cnts 
*          0    20000000    00000000     UNINITIALIZED

MODULE SUMMARY

       Module                         code   ro data   rw data
       ------                         ----   -------   -------
    .\
       step11-1.obj                   1036   2         4      
       tm4c123gh6pm_startup_ccs.obj   12     620       0      
    +--+------------------------------+------+---------+---------+
       Total:                         1048   622       4      
                                                              
    ../driverlib.lib
       gpio.obj                       560    144       0      
       sysctl.obj                     582    108       0      
       interrupt.obj                  52     0         620    
       adc.obj                        268    0         0      
       pwm.obj                        110    0         0      
       systick.obj                    84     0         0      
    +--+------------------------------+------+---------+---------+
       Total:                         1656   252       620    
                                                              
    C:\ti\ccs1240\ccs\tools\compiler\ti-cgt-arm_20.2.7.LTS\lib\rtsv7M4_T_le_v4SPD16_eabi.lib
       memcpy_t2.asm.obj              156    0         0      
       copy_decompress_lzss.c.obj     104    0         0      
       autoinit.c.obj                 68     0         0      
       boot_cortex_m.c.obj            52     0         0      
       strcat.c.obj                   30     0         0      
       copy_zero_init.c.obj           28     0         0      
       strcpy.c.obj                   20     0         0      
       copy_decompress_none.c.obj     14     0         0      
       exit.c.obj                     4      0         0      
       pre_init.c.obj                 4      0         0      
    +--+------------------------------+------+---------+---------+
       Total:                         480    0         0      
                                                              
       Stack:                         0      0         512    
       Linker Generated:              0      43        0      
    +--+------------------------------+------+---------+---------+
       Grand Total:                   3184   917       1136   


LINKER GENERATED COPY TABLES

__TI_cinit_table @ 00001000 records: 2, size/record: 8, table size: 16
	.vtable: load addr=00000ff0, load size=00000008 bytes, run addr=20000000, run size=0000026c bytes, compression=zero_init
	.data: load addr=00000ff8, load size=00000007 bytes, run addr=2000026c, run size=00000004 bytes, compression=lzss


LINKER GENERATED HANDLER TABLE

__TI_handler_table @ 00000fe0 records: 3, size/record: 4, table size: 12
	index: 0, handler: __TI_zero_init
	index: 1, handler: __TI_decompress_lzss
	index: 2, handler: __TI_decompress_none


GLOBAL SYMBOLS: SORTED ALPHABETICALLY BY Name 

address   name                          
-------   ----                          
00000de3  ADCProcessorTrigger           
00000b6f  ADCSequenceConfigure          
00000d37  ADCSequenceDataGet            
00000e99  ADCSequenceEnable             
00000a8d  ADCSequenceStepConfigure      
00000edd  C$$EXIT                       
00000277  DelayMs                       
00000ce9  GPIODirModeSet                
00000679  GPIOPadConfigSet              
00000bbd  GPIOPinConfigure              
00000dfb  GPIOPinTypeADC                
00000dc9  GPIOPinTypeGPIOOutput         
00000e11  GPIOPinTypePWM                
00000ecd  GPIOPinWrite                  
00000c4d  IntRegister                   
00000d15  PWMGenConfigure               
00000eb5  PWMGenEnable                  
00000e77  PWMGenPeriodSet               
00000e65  PWMOutputState                
00000d55  PWMPulseWidthSet              
00000ec1  ResetISR                      
000007e5  SysCtlClockGet                
000008fd  SysCtlClockSet                
00000ed3  SysCtlDelay                   
00000c81  SysCtlPeripheralEnable        
00000e29  SysTickDisable                
00000e3d  SysTickEnable                 
0000026d  SysTickHandler                
00000d91  SysTickIntRegister            
00000e89  SysTickPeriodSet              
20000470  __STACK_END                   
00000200  __STACK_SIZE                  
20000470  __STACK_TOP                   
00001000  __TI_CINIT_Base               
00001010  __TI_CINIT_Limit              
00000fe0  __TI_Handler_Table_Base       
00000fec  __TI_Handler_Table_Limit      
00000c09  __TI_auto_init_nobinit_nopinit
00000b07  __TI_decompress_lzss          
00000ea7  __TI_decompress_none          
ffffffff  __TI_pprof_out_hndl           
ffffffff  __TI_prof_data_size           
ffffffff  __TI_prof_data_start          
00000000  __TI_static_base__            
00000dad  __TI_zero_init_nomemset       
000009f1  __aeabi_memcpy                
000009f1  __aeabi_memcpy4               
000009f1  __aeabi_memcpy8               
ffffffff  __binit__                     
ffffffff  __c_args__                    
UNDEFED   __mpu_init                    
20000270  __stack                       
20000000  __start___llvm_prf_cnts       
20000000  __stop___llvm_prf_cnts        
00000cb5  _c_int00_noargs               
UNDEFED   _system_post_cinit            
00000ed9  _system_pre_init              
00000edd  abort                         
ffffffff  binit                         
2000026c  g_cnt                         
20000000  g_pfnRAMVectors               
00000000  g_pfnVectors                  
000003ef  lcd_Home                      
000003d9  lcd_NewLine                   
0000029b  lcd_RS                        
0000039b  lcd_clear                     
000002bb  lcd_command                   
000003b1  lcd_disp                      
00000337  lcd_init                      
000002f7  lcd_transmit4                 
000002d3  lcd_transmit8                 
00000409  main                          
000009f1  memcpy                        
00000d73  strcat                        
00000e51  strcpy                        


GLOBAL SYMBOLS: SORTED BY Symbol Address 

address   name                          
-------   ----                          
00000000  __TI_static_base__            
00000000  g_pfnVectors                  
00000200  __STACK_SIZE                  
0000026d  SysTickHandler                
00000277  DelayMs                       
0000029b  lcd_RS                        
000002bb  lcd_command                   
000002d3  lcd_transmit8                 
000002f7  lcd_transmit4                 
00000337  lcd_init                      
0000039b  lcd_clear                     
000003b1  lcd_disp                      
000003d9  lcd_NewLine                   
000003ef  lcd_Home                      
00000409  main                          
00000679  GPIOPadConfigSet              
000007e5  SysCtlClockGet                
000008fd  SysCtlClockSet                
000009f1  __aeabi_memcpy                
000009f1  __aeabi_memcpy4               
000009f1  __aeabi_memcpy8               
000009f1  memcpy                        
00000a8d  ADCSequenceStepConfigure      
00000b07  __TI_decompress_lzss          
00000b6f  ADCSequenceConfigure          
00000bbd  GPIOPinConfigure              
00000c09  __TI_auto_init_nobinit_nopinit
00000c4d  IntRegister                   
00000c81  SysCtlPeripheralEnable        
00000cb5  _c_int00_noargs               
00000ce9  GPIODirModeSet                
00000d15  PWMGenConfigure               
00000d37  ADCSequenceDataGet            
00000d55  PWMPulseWidthSet              
00000d73  strcat                        
00000d91  SysTickIntRegister            
00000dad  __TI_zero_init_nomemset       
00000dc9  GPIOPinTypeGPIOOutput         
00000de3  ADCProcessorTrigger           
00000dfb  GPIOPinTypeADC                
00000e11  GPIOPinTypePWM                
00000e29  SysTickDisable                
00000e3d  SysTickEnable                 
00000e51  strcpy                        
00000e65  PWMOutputState                
00000e77  PWMGenPeriodSet               
00000e89  SysTickPeriodSet              
00000e99  ADCSequenceEnable             
00000ea7  __TI_decompress_none          
00000eb5  PWMGenEnable                  
00000ec1  ResetISR                      
00000ecd  GPIOPinWrite                  
00000ed3  SysCtlDelay                   
00000ed9  _system_pre_init              
00000edd  C$$EXIT                       
00000edd  abort                         
00000fe0  __TI_Handler_Table_Base       
00000fec  __TI_Handler_Table_Limit      
00001000  __TI_CINIT_Base               
00001010  __TI_CINIT_Limit              
20000000  __start___llvm_prf_cnts       
20000000  __stop___llvm_prf_cnts        
20000000  g_pfnRAMVectors               
2000026c  g_cnt                         
20000270  __stack                       
20000470  __STACK_END                   
20000470  __STACK_TOP                   
ffffffff  __TI_pprof_out_hndl           
ffffffff  __TI_prof_data_size           
ffffffff  __TI_prof_data_start          
ffffffff  __binit__                     
ffffffff  __c_args__                    
ffffffff  binit                         
UNDEFED   __mpu_init                    
UNDEFED   _system_post_cinit            

[75 symbols]
