******************************************************************************
                  TI ARM Linker PC v20.2.7                     
******************************************************************************
>> Linked Mon Aug 28 10:14:26 2023

OUTPUT FILE NAME:   <step8-1.out>
ENTRY POINT SYMBOL: "_c_int00_noargs"  address: 00000849


MEMORY CONFIGURATION

         name            origin    length      used     unused   attr    fill
----------------------  --------  ---------  --------  --------  ----  --------
  FLASH                 00000000   00040000  00000a86  0003f57a  R  X
  SRAM                  20000000   00008000  0000046d  00007b93  RW X


SEGMENT ALLOCATION MAP

run origin  load origin   length   init length attrs members
----------  ----------- ---------- ----------- ----- -------
00000000    00000000    00000a8c   00000a8c    r-x
  00000000    00000000    0000026c   0000026c    r-- .intvecs
  0000026c    0000026c    000006d6   000006d6    r-x .text
  00000944    00000944    00000120   00000120    r-- .const
  00000a68    00000a68    00000024   00000024    r-- .cinit
20000000    20000000    00000470   00000000    rw-
  20000000    20000000    0000026c   00000000    rw- .vtable
  2000026c    2000026c    00000001   00000000    rw- .bss
  20000270    20000270    00000200   00000000    rw- .stack


SECTION ALLOCATION MAP

 output                                  attributes/
section   page    origin      length       input sections
--------  ----  ----------  ----------   ----------------
.intvecs   0    00000000    0000026c     
                  00000000    0000026c     tm4c123gh6pm_startup_ccs.obj (.intvecs)

.text      0    0000026c    000006d6     
                  0000026c    0000016c     driverlib.lib : gpio.obj (.text:GPIOPadConfigSet)
                  000003d8    00000118                   : sysctl.obj (.text:SysCtlClockGet)
                  000004f0    000000f4                   : sysctl.obj (.text:SysCtlClockSet)
                  000005e4    000000a4     step8-1.obj (.text)
                  00000688    00000068     driverlib.lib : interrupt.obj (.text:IntEnable)
                  000006f0    00000060                   : timer.obj (.text:TimerConfigure)
                  00000750    0000004c                   : timer.obj (.text:_TimerIntNumberGet)
                  0000079c    00000044     rtsv7M4_T_le_v4SPD16_eabi.lib : autoinit.c.obj (.text:__TI_auto_init_nobinit_nopinit:__TI_auto_init_nobinit_nopinit)
                  000007e0    00000034     driverlib.lib : interrupt.obj (.text:IntRegister)
                  00000814    00000034                   : sysctl.obj (.text:SysCtlPeripheralEnable)
                  00000848    00000034     rtsv7M4_T_le_v4SPD16_eabi.lib : boot_cortex_m.c.obj (.text:_c_int00_noargs:_c_int00_noargs)
                  0000087c    0000002c     driverlib.lib : gpio.obj (.text:GPIODirModeSet)
                  000008a8    0000001c     rtsv7M4_T_le_v4SPD16_eabi.lib : copy_zero_init.c.obj (.text:decompress:ZI:__TI_zero_init_nomemset:__TI_zero_init_nomemset)
                  000008c4    0000001a     driverlib.lib : gpio.obj (.text:GPIOPinTypeGPIOOutput)
                  000008de    00000018                   : timer.obj (.text:TimerIntRegister)
                  000008f6    00000012                   : timer.obj (.text:TimerLoadSet)
                  00000908    0000000e                   : timer.obj (.text:TimerEnable)
                  00000916    0000000c     tm4c123gh6pm_startup_ccs.obj (.text)
                  00000922    00000008     driverlib.lib : timer.obj (.text:TimerIntEnable)
                  0000092a    00000006                   : gpio.obj (.text:GPIOPinWrite)
                  00000930    00000006                   : sysctl.obj (.text:SysCtlDelay)
                  00000936    00000004                   : timer.obj (.text:TimerIntClear)
                  0000093a    00000004     rtsv7M4_T_le_v4SPD16_eabi.lib : pre_init.c.obj (.text:_system_pre_init)
                  0000093e    00000004                                   : exit.c.obj (.text:abort:abort)

.const     0    00000944    00000120     
                  00000944    0000006c     driverlib.lib : sysctl.obj (.const:g_pui32Xtals)
                  000009b0    00000060                   : timer.obj (.const:g_ppui32TimerIntMap)
                  00000a10    00000040                   : timer.obj (.const:g_ppui32TimerIntMapSnowflake)
                  00000a50    00000014                   : interrupt.obj (.const:g_pui32EnRegs)

.cinit     0    00000a68    00000024     
                  00000a68    00000008     (.cinit..bss.load) [load image, compression = zero_init]
                  00000a70    00000008     (.cinit..vtable.load) [load image, compression = zero_init]
                  00000a78    00000004     (__TI_handler_table)
                  00000a7c    00000010     (__TI_cinit_table)

.init_array 
*          0    00000000    00000000     UNINITIALIZED

.vtable    0    20000000    0000026c     UNINITIALIZED
                  20000000    0000026c     driverlib.lib : interrupt.obj (.vtable)

.bss       0    2000026c    00000001     UNINITIALIZED
                  2000026c    00000001     (.common:State)

.stack     0    20000270    00000200     UNINITIALIZED
                  20000270    00000004     rtsv7M4_T_le_v4SPD16_eabi.lib : boot_cortex_m.c.obj (.stack)
                  20000274    000001fc     --HOLE--

__llvm_prf_cnts 
*          0    20000000    00000000     UNINITIALIZED

MODULE SUMMARY

       Module                         code   ro data   rw data
       ------                         ----   -------   -------
    .\
       tm4c123gh6pm_startup_ccs.obj   12     620       0      
       step8-1.obj                    164    0         1      
    +--+------------------------------+------+---------+---------+
       Total:                         176    620       1      
                                                              
    ../driverlib.lib
       interrupt.obj                  156    20        620    
       sysctl.obj                     582    108       0      
       gpio.obj                       440    0         0      
       timer.obj                      240    160       0      
    +--+------------------------------+------+---------+---------+
       Total:                         1418   288       620    
                                                              
    C:\ti\ccs1240\ccs\tools\compiler\ti-cgt-arm_20.2.7.LTS\lib\rtsv7M4_T_le_v4SPD16_eabi.lib
       autoinit.c.obj                 68     0         0      
       boot_cortex_m.c.obj            52     0         0      
       copy_zero_init.c.obj           28     0         0      
       exit.c.obj                     4      0         0      
       pre_init.c.obj                 4      0         0      
    +--+------------------------------+------+---------+---------+
       Total:                         156    0         0      
                                                              
       Stack:                         0      0         512    
       Linker Generated:              0      36        0      
    +--+------------------------------+------+---------+---------+
       Grand Total:                   1750   944       1133   


LINKER GENERATED COPY TABLES

__TI_cinit_table @ 00000a7c records: 2, size/record: 8, table size: 16
	.bss: load addr=00000a68, load size=00000008 bytes, run addr=2000026c, run size=00000001 bytes, compression=zero_init
	.vtable: load addr=00000a70, load size=00000008 bytes, run addr=20000000, run size=0000026c bytes, compression=zero_init


LINKER GENERATED HANDLER TABLE

__TI_handler_table @ 00000a78 records: 1, size/record: 4, table size: 4
	index: 0, handler: __TI_zero_init


GLOBAL SYMBOLS: SORTED ALPHABETICALLY BY Name 

address   name                          
-------   ----                          
0000093f  C$$EXIT                       
0000087d  GPIODirModeSet                
0000026d  GPIOPadConfigSet              
000008c5  GPIOPinTypeGPIOOutput         
0000092b  GPIOPinWrite                  
00000689  IntEnable                     
000007e1  IntRegister                   
00000917  ResetISR                      
2000026c  State                         
000003d9  SysCtlClockGet                
000004f1  SysCtlClockSet                
00000931  SysCtlDelay                   
00000815  SysCtlPeripheralEnable        
000005e5  Timer0IntHandler              
000006f1  TimerConfigure                
00000909  TimerEnable                   
00000937  TimerIntClear                 
00000923  TimerIntEnable                
000008df  TimerIntRegister              
000008f7  TimerLoadSet                  
20000470  __STACK_END                   
00000200  __STACK_SIZE                  
20000470  __STACK_TOP                   
00000a7c  __TI_CINIT_Base               
00000a8c  __TI_CINIT_Limit              
00000a78  __TI_Handler_Table_Base       
00000a7c  __TI_Handler_Table_Limit      
0000079d  __TI_auto_init_nobinit_nopinit
ffffffff  __TI_pprof_out_hndl           
ffffffff  __TI_prof_data_size           
ffffffff  __TI_prof_data_start          
00000000  __TI_static_base__            
000008a9  __TI_zero_init_nomemset       
ffffffff  __binit__                     
ffffffff  __c_args__                    
UNDEFED   __mpu_init                    
20000270  __stack                       
20000000  __start___llvm_prf_cnts       
20000000  __stop___llvm_prf_cnts        
00000849  _c_int00_noargs               
UNDEFED   _system_post_cinit            
0000093b  _system_pre_init              
0000093f  abort                         
ffffffff  binit                         
20000000  g_pfnRAMVectors               
00000000  g_pfnVectors                  
00000607  main                          


GLOBAL SYMBOLS: SORTED BY Symbol Address 

address   name                          
-------   ----                          
00000000  __TI_static_base__            
00000000  g_pfnVectors                  
00000200  __STACK_SIZE                  
0000026d  GPIOPadConfigSet              
000003d9  SysCtlClockGet                
000004f1  SysCtlClockSet                
000005e5  Timer0IntHandler              
00000607  main                          
00000689  IntEnable                     
000006f1  TimerConfigure                
0000079d  __TI_auto_init_nobinit_nopinit
000007e1  IntRegister                   
00000815  SysCtlPeripheralEnable        
00000849  _c_int00_noargs               
0000087d  GPIODirModeSet                
000008a9  __TI_zero_init_nomemset       
000008c5  GPIOPinTypeGPIOOutput         
000008df  TimerIntRegister              
000008f7  TimerLoadSet                  
00000909  TimerEnable                   
00000917  ResetISR                      
00000923  TimerIntEnable                
0000092b  GPIOPinWrite                  
00000931  SysCtlDelay                   
00000937  TimerIntClear                 
0000093b  _system_pre_init              
0000093f  C$$EXIT                       
0000093f  abort                         
00000a78  __TI_Handler_Table_Base       
00000a7c  __TI_CINIT_Base               
00000a7c  __TI_Handler_Table_Limit      
00000a8c  __TI_CINIT_Limit              
20000000  __start___llvm_prf_cnts       
20000000  __stop___llvm_prf_cnts        
20000000  g_pfnRAMVectors               
2000026c  State                         
20000270  __stack                       
20000470  __STACK_END                   
20000470  __STACK_TOP                   
ffffffff  __TI_pprof_out_hndl           
ffffffff  __TI_prof_data_size           
ffffffff  __TI_prof_data_start          
ffffffff  __binit__                     
ffffffff  __c_args__                    
ffffffff  binit                         
UNDEFED   __mpu_init                    
UNDEFED   _system_post_cinit            

[47 symbols]
