******************************************************************************
                  TI ARM Linker PC v20.2.7                     
******************************************************************************
>> Linked Tue Aug 22 15:16:09 2023

OUTPUT FILE NAME:   <step9-1.out>
ENTRY POINT SYMBOL: "_c_int00_noinit_noargs"  address: 00000715


MEMORY CONFIGURATION

         name            origin    length      used     unused   attr    fill
----------------------  --------  ---------  --------  --------  ----  --------
  FLASH                 00000000   00040000  000007d4  0003f82c  R  X
  SRAM                  20000000   00008000  00000200  00007e00  RW X


SEGMENT ALLOCATION MAP

run origin  load origin   length   init length attrs members
----------  ----------- ---------- ----------- ----- -------
00000000    00000000    000007d4   000007d4    r-x
  00000000    00000000    0000026c   0000026c    r-- .intvecs
  0000026c    0000026c    00000568   00000568    r-x .text
20000000    20000000    00000200   00000000    rw-
  20000000    20000000    00000200   00000000    rw- .stack


SECTION ALLOCATION MAP

 output                                  attributes/
section   page    origin      length       input sections
--------  ----  ----------  ----------   ----------------
.intvecs   0    00000000    0000026c     
                  00000000    0000026c     tm4c123gh6pm_startup_ccs.obj (.intvecs)

.text      0    0000026c    00000568     
                  0000026c    0000016c     driverlib.lib : gpio.obj (.text:GPIOPadConfigSet)
                  000003d8    00000120     step9-1.obj (.text)
                  000004f8    000000f4     driverlib.lib : sysctl.obj (.text:SysCtlClockSet)
                  000005ec    0000007a                   : adc.obj (.text:ADCSequenceStepConfigure)
                  00000666    0000004e                   : adc.obj (.text:ADCSequenceConfigure)
                  000006b4    00000034                   : sysctl.obj (.text:SysCtlPeripheralEnable)
                  000006e8    0000002c                   : gpio.obj (.text:GPIODirModeSet)
                  00000714    0000002c     rtsv7M4_T_le_v4SPD16_eabi.lib : boot_cortex_m.c.obj (.text:_c_int00_noinit_noargs:_c_int00_noinit_noargs)
                  00000740    0000001e     driverlib.lib : adc.obj (.text:ADCSequenceDataGet)
                  0000075e    0000001a                   : gpio.obj (.text:GPIOPinTypeGPIOOutput)
                  00000778    00000018                   : adc.obj (.text:ADCProcessorTrigger)
                  00000790    00000016                   : gpio.obj (.text:GPIOPinTypeADC)
                  000007a6    0000000e                   : adc.obj (.text:ADCSequenceEnable)
                  000007b4    0000000c     tm4c123gh6pm_startup_ccs.obj (.text)
                  000007c0    00000006     driverlib.lib : gpio.obj (.text:GPIOPinWrite)
                  000007c6    00000006                   : sysctl.obj (.text:SysCtlDelay)
                  000007cc    00000004     rtsv7M4_T_le_v4SPD16_eabi.lib : pre_init.c.obj (.text:_system_pre_init)
                  000007d0    00000004                                   : exit.c.obj (.text:abort:abort)

.cinit     0    00000000    00000000     UNINITIALIZED

.init_array 
*          0    00000000    00000000     UNINITIALIZED

.stack     0    20000000    00000200     UNINITIALIZED
                  20000000    00000004     rtsv7M4_T_le_v4SPD16_eabi.lib : boot_cortex_m.c.obj (.stack)
                  20000004    000001fc     --HOLE--

__llvm_prf_cnts 
*          0    20000000    00000000     UNINITIALIZED

MODULE SUMMARY

       Module                         code   ro data   rw data
       ------                         ----   -------   -------
    .\
       tm4c123gh6pm_startup_ccs.obj   12     620       0      
       step9-1.obj                    288    0         0      
    +--+------------------------------+------+---------+---------+
       Total:                         300    620       0      
                                                              
    ../driverlib.lib
       gpio.obj                       462    0         0      
       sysctl.obj                     302    0         0      
       adc.obj                        268    0         0      
    +--+------------------------------+------+---------+---------+
       Total:                         1032   0         0      
                                                              
    C:\ti\ccs1240\ccs\tools\compiler\ti-cgt-arm_20.2.7.LTS\lib\rtsv7M4_T_le_v4SPD16_eabi.lib
       boot_cortex_m.c.obj            44     0         0      
       exit.c.obj                     4      0         0      
       pre_init.c.obj                 4      0         0      
    +--+------------------------------+------+---------+---------+
       Total:                         52     0         0      
                                                              
       Stack:                         0      0         512    
    +--+------------------------------+------+---------+---------+
       Grand Total:                   1384   620       512    


GLOBAL SYMBOLS: SORTED ALPHABETICALLY BY Name 

address   name                    
-------   ----                    
00000779  ADCProcessorTrigger     
00000667  ADCSequenceConfigure    
00000741  ADCSequenceDataGet      
000007a7  ADCSequenceEnable       
000005ed  ADCSequenceStepConfigure
000007d1  C$$EXIT                 
000006e9  GPIODirModeSet          
0000026d  GPIOPadConfigSet        
00000791  GPIOPinTypeADC          
0000075f  GPIOPinTypeGPIOOutput   
000007c1  GPIOPinWrite            
000007b5  ResetISR                
000004f9  SysCtlClockSet          
000007c7  SysCtlDelay             
000006b5  SysCtlPeripheralEnable  
20000200  __STACK_END             
00000200  __STACK_SIZE            
20000200  __STACK_TOP             
ffffffff  __TI_pprof_out_hndl     
ffffffff  __TI_prof_data_size     
ffffffff  __TI_prof_data_start    
00000000  __TI_static_base__      
ffffffff  __binit__               
ffffffff  __c_args__              
UNDEFED   __mpu_init              
20000000  __stack                 
20000000  __start___llvm_prf_cnts 
20000000  __stop___llvm_prf_cnts  
00000715  _c_int00_noinit_noargs  
000007cd  _system_pre_init        
000007d1  abort                   
ffffffff  binit                   
00000000  g_pfnVectors            
000003d9  main                    


GLOBAL SYMBOLS: SORTED BY Symbol Address 

address   name                    
-------   ----                    
00000000  __TI_static_base__      
00000000  g_pfnVectors            
00000200  __STACK_SIZE            
0000026d  GPIOPadConfigSet        
000003d9  main                    
000004f9  SysCtlClockSet          
000005ed  ADCSequenceStepConfigure
00000667  ADCSequenceConfigure    
000006b5  SysCtlPeripheralEnable  
000006e9  GPIODirModeSet          
00000715  _c_int00_noinit_noargs  
00000741  ADCSequenceDataGet      
0000075f  GPIOPinTypeGPIOOutput   
00000779  ADCProcessorTrigger     
00000791  GPIOPinTypeADC          
000007a7  ADCSequenceEnable       
000007b5  ResetISR                
000007c1  GPIOPinWrite            
000007c7  SysCtlDelay             
000007cd  _system_pre_init        
000007d1  C$$EXIT                 
000007d1  abort                   
20000000  __stack                 
20000000  __start___llvm_prf_cnts 
20000000  __stop___llvm_prf_cnts  
20000200  __STACK_END             
20000200  __STACK_TOP             
ffffffff  __TI_pprof_out_hndl     
ffffffff  __TI_prof_data_size     
ffffffff  __TI_prof_data_start    
ffffffff  __binit__               
ffffffff  __c_args__              
ffffffff  binit                   
UNDEFED   __mpu_init              

[34 symbols]
