******************************************************************************
                  TI ARM Linker PC v20.2.7                     
******************************************************************************
>> Linked Tue Aug 22 14:09:03 2023

OUTPUT FILE NAME:   <step8-2.out>
ENTRY POINT SYMBOL: "_c_int00_noargs"  address: 00000a35


MEMORY CONFIGURATION

         name            origin    length      used     unused   attr    fill
----------------------  --------  ---------  --------  --------  ----  --------
  FLASH                 00000000   00040000  00000cb8  0003f348  R  X
  SRAM                  20000000   00008000  00000475  00007b8b  RW X


SEGMENT ALLOCATION MAP

run origin  load origin   length   init length attrs members
----------  ----------- ---------- ----------- ----- -------
00000000    00000000    00000cb8   00000cb8    r-x
  00000000    00000000    0000026c   0000026c    r-- .intvecs
  0000026c    0000026c    000008ec   000008ec    r-x .text
  00000b58    00000b58    00000120   00000120    r-- .const
  00000c78    00000c78    00000040   00000040    r-- .cinit
20000000    20000000    00000475   00000000    rw-
  20000000    20000000    0000026c   00000000    rw- .vtable
  2000026c    2000026c    00000004   00000000    rw- .data
  20000270    20000270    00000200   00000000    rw- .stack
  20000470    20000470    00000005   00000000    rw- .bss


SECTION ALLOCATION MAP

 output                                  attributes/
section   page    origin      length       input sections
--------  ----  ----------  ----------   ----------------
.intvecs   0    00000000    0000026c     
                  00000000    0000026c     tm4c123gh6pm_startup_ccs.obj (.intvecs)

.text      0    0000026c    000008ec     
                  0000026c    0000018c     step8-2.obj (.text)
                  000003f8    0000016c     driverlib.lib : gpio.obj (.text:GPIOPadConfigSet)
                  00000564    00000118                   : sysctl.obj (.text:SysCtlClockGet)
                  0000067c    000000f4                   : sysctl.obj (.text:SysCtlClockSet)
                  00000770    0000009c     rtsv7M4_T_le_v4SPD16_eabi.lib : memcpy_t2.asm.obj (.text)
                  0000080c    00000068     driverlib.lib : interrupt.obj (.text:IntEnable)
                  00000874    00000068     rtsv7M4_T_le_v4SPD16_eabi.lib : copy_decompress_lzss.c.obj (.text:decompress:lzss:__TI_decompress_lzss)
                  000008dc    00000060     driverlib.lib : timer.obj (.text:TimerConfigure)
                  0000093c    0000004c                   : timer.obj (.text:_TimerIntNumberGet)
                  00000988    00000044     rtsv7M4_T_le_v4SPD16_eabi.lib : autoinit.c.obj (.text:__TI_auto_init_nobinit_nopinit:__TI_auto_init_nobinit_nopinit)
                  000009cc    00000034     driverlib.lib : interrupt.obj (.text:IntRegister)
                  00000a00    00000034                   : sysctl.obj (.text:SysCtlPeripheralEnable)
                  00000a34    00000034     rtsv7M4_T_le_v4SPD16_eabi.lib : boot_cortex_m.c.obj (.text:_c_int00_noargs:_c_int00_noargs)
                  00000a68    0000002c     driverlib.lib : gpio.obj (.text:GPIODirModeSet)
                  00000a94    0000001c     rtsv7M4_T_le_v4SPD16_eabi.lib : copy_zero_init.c.obj (.text:decompress:ZI:__TI_zero_init_nomemset:__TI_zero_init_nomemset)
                  00000ab0    0000001a     driverlib.lib : gpio.obj (.text:GPIOPinTypeGPIOOutput)
                  00000aca    00000018                   : timer.obj (.text:TimerIntRegister)
                  00000ae2    00000016                   : gpio.obj (.text:GPIOPinTypeGPIOInput)
                  00000af8    00000012                   : timer.obj (.text:TimerLoadSet)
                  00000b0a    0000000e                   : timer.obj (.text:TimerEnable)
                  00000b18    0000000e     rtsv7M4_T_le_v4SPD16_eabi.lib : copy_decompress_none.c.obj (.text:decompress:none:__TI_decompress_none)
                  00000b26    0000000c     tm4c123gh6pm_startup_ccs.obj (.text)
                  00000b32    00000008     driverlib.lib : timer.obj (.text:TimerIntEnable)
                  00000b3a    00000006                   : gpio.obj (.text:GPIOPinRead)
                  00000b40    00000006                   : gpio.obj (.text:GPIOPinWrite)
                  00000b46    00000006                   : sysctl.obj (.text:SysCtlDelay)
                  00000b4c    00000004                   : timer.obj (.text:TimerIntClear)
                  00000b50    00000004     rtsv7M4_T_le_v4SPD16_eabi.lib : pre_init.c.obj (.text:_system_pre_init)
                  00000b54    00000004                                   : exit.c.obj (.text:abort:abort)

.const     0    00000b58    00000120     
                  00000b58    0000006c     driverlib.lib : sysctl.obj (.const:g_pui32Xtals)
                  00000bc4    00000060                   : timer.obj (.const:g_ppui32TimerIntMap)
                  00000c24    00000040                   : timer.obj (.const:g_ppui32TimerIntMapSnowflake)
                  00000c64    00000014                   : interrupt.obj (.const:g_pui32EnRegs)

.cinit     0    00000c78    00000040     
                  00000c78    0000000c     (__TI_handler_table)
                  00000c84    00000004     --HOLE-- [fill = 0]
                  00000c88    00000008     (.cinit..bss.load) [load image, compression = zero_init]
                  00000c90    00000008     (.cinit..data.load) [load image, compression = lzss]
                  00000c98    00000008     (.cinit..vtable.load) [load image, compression = zero_init]
                  00000ca0    00000018     (__TI_cinit_table)

.init_array 
*          0    00000000    00000000     UNINITIALIZED

.vtable    0    20000000    0000026c     UNINITIALIZED
                  20000000    0000026c     driverlib.lib : interrupt.obj (.vtable)

.data      0    2000026c    00000004     UNINITIALIZED
                  2000026c    00000004     step8-2.obj (.data)

.bss       0    20000470    00000005     UNINITIALIZED
                  20000470    00000004     (.common:Loop)
                  20000474    00000001     (.common:State)

.stack     0    20000270    00000200     UNINITIALIZED
                  20000270    00000004     rtsv7M4_T_le_v4SPD16_eabi.lib : boot_cortex_m.c.obj (.stack)
                  20000274    000001fc     --HOLE--

__llvm_prf_cnts 
*          0    20000000    00000000     UNINITIALIZED

MODULE SUMMARY

       Module                         code   ro data   rw data
       ------                         ----   -------   -------
    .\
       tm4c123gh6pm_startup_ccs.obj   12     620       0      
       step8-2.obj                    396    0         9      
    +--+------------------------------+------+---------+---------+
       Total:                         408    620       9      
                                                              
    ../driverlib.lib
       interrupt.obj                  156    20        620    
       sysctl.obj                     582    108       0      
       gpio.obj                       468    0         0      
       timer.obj                      240    160       0      
    +--+------------------------------+------+---------+---------+
       Total:                         1446   288       620    
                                                              
    C:\ti\ccs1240\ccs\tools\compiler\ti-cgt-arm_20.2.7.LTS\lib\rtsv7M4_T_le_v4SPD16_eabi.lib
       memcpy_t2.asm.obj              156    0         0      
       copy_decompress_lzss.c.obj     104    0         0      
       autoinit.c.obj                 68     0         0      
       boot_cortex_m.c.obj            52     0         0      
       copy_zero_init.c.obj           28     0         0      
       copy_decompress_none.c.obj     14     0         0      
       exit.c.obj                     4      0         0      
       pre_init.c.obj                 4      0         0      
    +--+------------------------------+------+---------+---------+
       Total:                         430    0         0      
                                                              
       Stack:                         0      0         512    
       Linker Generated:              0      60        0      
    +--+------------------------------+------+---------+---------+
       Grand Total:                   2284   968       1141   


LINKER GENERATED COPY TABLES

__TI_cinit_table @ 00000ca0 records: 3, size/record: 8, table size: 24
	.bss: load addr=00000c88, load size=00000008 bytes, run addr=20000470, run size=00000005 bytes, compression=zero_init
	.data: load addr=00000c90, load size=00000008 bytes, run addr=2000026c, run size=00000004 bytes, compression=lzss
	.vtable: load addr=00000c98, load size=00000008 bytes, run addr=20000000, run size=0000026c bytes, compression=zero_init


LINKER GENERATED HANDLER TABLE

__TI_handler_table @ 00000c78 records: 3, size/record: 4, table size: 12
	index: 0, handler: __TI_zero_init
	index: 1, handler: __TI_decompress_lzss
	index: 2, handler: __TI_decompress_none


GLOBAL SYMBOLS: SORTED ALPHABETICALLY BY Name 

address   name                          
-------   ----                          
00000b55  C$$EXIT                       
00000a69  GPIODirModeSet                
000003f9  GPIOPadConfigSet              
00000b3b  GPIOPinRead                   
00000ae3  GPIOPinTypeGPIOInput          
00000ab1  GPIOPinTypeGPIOOutput         
00000b41  GPIOPinWrite                  
0000080d  IntEnable                     
000009cd  IntRegister                   
20000470  Loop                          
00000b27  ResetISR                      
20000474  State                         
00000565  SysCtlClockGet                
0000067d  SysCtlClockSet                
00000b47  SysCtlDelay                   
00000a01  SysCtlPeripheralEnable        
0000026d  Timer0IntHandler              
000008dd  TimerConfigure                
00000b0b  TimerEnable                   
00000b4d  TimerIntClear                 
00000b33  TimerIntEnable                
00000acb  TimerIntRegister              
00000af9  TimerLoadSet                  
20000470  __STACK_END                   
00000200  __STACK_SIZE                  
20000470  __STACK_TOP                   
00000ca0  __TI_CINIT_Base               
00000cb8  __TI_CINIT_Limit              
00000c78  __TI_Handler_Table_Base       
00000c84  __TI_Handler_Table_Limit      
00000989  __TI_auto_init_nobinit_nopinit
00000875  __TI_decompress_lzss          
00000b19  __TI_decompress_none          
ffffffff  __TI_pprof_out_hndl           
ffffffff  __TI_prof_data_size           
ffffffff  __TI_prof_data_start          
00000000  __TI_static_base__            
00000a95  __TI_zero_init_nomemset       
00000771  __aeabi_memcpy                
00000771  __aeabi_memcpy4               
00000771  __aeabi_memcpy8               
ffffffff  __binit__                     
ffffffff  __c_args__                    
UNDEFED   __mpu_init                    
20000270  __stack                       
20000000  __start___llvm_prf_cnts       
20000000  __stop___llvm_prf_cnts        
00000a35  _c_int00_noargs               
UNDEFED   _system_post_cinit            
00000b51  _system_pre_init              
00000b55  abort                         
ffffffff  binit                         
20000000  g_pfnRAMVectors               
00000000  g_pfnVectors                  
0000028f  main                          
00000771  memcpy                        
2000026c  speed                         


GLOBAL SYMBOLS: SORTED BY Symbol Address 

address   name                          
-------   ----                          
00000000  __TI_static_base__            
00000000  g_pfnVectors                  
00000200  __STACK_SIZE                  
0000026d  Timer0IntHandler              
0000028f  main                          
000003f9  GPIOPadConfigSet              
00000565  SysCtlClockGet                
0000067d  SysCtlClockSet                
00000771  __aeabi_memcpy                
00000771  __aeabi_memcpy4               
00000771  __aeabi_memcpy8               
00000771  memcpy                        
0000080d  IntEnable                     
00000875  __TI_decompress_lzss          
000008dd  TimerConfigure                
00000989  __TI_auto_init_nobinit_nopinit
000009cd  IntRegister                   
00000a01  SysCtlPeripheralEnable        
00000a35  _c_int00_noargs               
00000a69  GPIODirModeSet                
00000a95  __TI_zero_init_nomemset       
00000ab1  GPIOPinTypeGPIOOutput         
00000acb  TimerIntRegister              
00000ae3  GPIOPinTypeGPIOInput          
00000af9  TimerLoadSet                  
00000b0b  TimerEnable                   
00000b19  __TI_decompress_none          
00000b27  ResetISR                      
00000b33  TimerIntEnable                
00000b3b  GPIOPinRead                   
00000b41  GPIOPinWrite                  
00000b47  SysCtlDelay                   
00000b4d  TimerIntClear                 
00000b51  _system_pre_init              
00000b55  C$$EXIT                       
00000b55  abort                         
00000c78  __TI_Handler_Table_Base       
00000c84  __TI_Handler_Table_Limit      
00000ca0  __TI_CINIT_Base               
00000cb8  __TI_CINIT_Limit              
20000000  __start___llvm_prf_cnts       
20000000  __stop___llvm_prf_cnts        
20000000  g_pfnRAMVectors               
2000026c  speed                         
20000270  __stack                       
20000470  Loop                          
20000470  __STACK_END                   
20000470  __STACK_TOP                   
20000474  State                         
ffffffff  __TI_pprof_out_hndl           
ffffffff  __TI_prof_data_size           
ffffffff  __TI_prof_data_start          
ffffffff  __binit__                     
ffffffff  __c_args__                    
ffffffff  binit                         
UNDEFED   __mpu_init                    
UNDEFED   _system_post_cinit            

[57 symbols]
