******************************************************************************
                  TI ARM Linker PC v20.2.7                     
******************************************************************************
>> Linked Tue Aug 22 12:03:31 2023

OUTPUT FILE NAME:   <step7-3.out>
ENTRY POINT SYMBOL: "_c_int00_noinit_noargs"  address: 00000689


MEMORY CONFIGURATION

         name            origin    length      used     unused   attr    fill
----------------------  --------  ---------  --------  --------  ----  --------
  FLASH                 00000000   00040000  0000070a  0003f8f6  R  X
  SRAM                  20000000   00008000  00000200  00007e00  RW X


SEGMENT ALLOCATION MAP

run origin  load origin   length   init length attrs members
----------  ----------- ---------- ----------- ----- -------
00000000    00000000    0000070a   0000070a    r-x
  00000000    00000000    0000026c   0000026c    r-- .intvecs
  0000026c    0000026c    0000049e   0000049e    r-x .text
20000000    20000000    00000200   00000000    rw-
  20000000    20000000    00000200   00000000    rw- .stack


SECTION ALLOCATION MAP

 output                                  attributes/
section   page    origin      length       input sections
--------  ----  ----------  ----------   ----------------
.intvecs   0    00000000    0000026c     
                  00000000    0000026c     tm4c123gh6pm_startup_ccs.obj (.intvecs)

.text      0    0000026c    0000049e     
                  0000026c    0000016c     driverlib.lib : gpio.obj (.text:GPIOPadConfigSet)
                  000003d8    0000015c     step7-3.obj (.text)
                  00000534    000000f4     driverlib.lib : sysctl.obj (.text:SysCtlClockSet)
                  00000628    00000034                   : sysctl.obj (.text:SysCtlPeripheralEnable)
                  0000065c    0000002c                   : gpio.obj (.text:GPIODirModeSet)
                  00000688    0000002c     rtsv7M4_T_le_v4SPD16_eabi.lib : boot_cortex_m.c.obj (.text:_c_int00_noinit_noargs:_c_int00_noinit_noargs)
                  000006b4    0000001a     driverlib.lib : gpio.obj (.text:GPIOPinTypeGPIOOutput)
                  000006ce    00000016                   : gpio.obj (.text:GPIOPinTypeGPIOInput)
                  000006e4    0000000c     tm4c123gh6pm_startup_ccs.obj (.text)
                  000006f0    00000006     driverlib.lib : gpio.obj (.text:GPIOPinRead)
                  000006f6    00000006                   : gpio.obj (.text:GPIOPinWrite)
                  000006fc    00000006                   : sysctl.obj (.text:SysCtlDelay)
                  00000702    00000004     rtsv7M4_T_le_v4SPD16_eabi.lib : pre_init.c.obj (.text:_system_pre_init)
                  00000706    00000004                                   : exit.c.obj (.text:abort:abort)

.cinit     0    00000000    00000000     UNINITIALIZED

.init_array 
*          0    00000000    00000000     UNINITIALIZED

.stack     0    20000000    00000200     UNINITIALIZED
                  20000000    00000004     rtsv7M4_T_le_v4SPD16_eabi.lib : boot_cortex_m.c.obj (.stack)
                  20000004    000001fc     --HOLE--

__llvm_prf_cnts 
*          0    20000000    00000000     UNINITIALIZED

MODULE SUMMARY

       Module                         code   ro data   rw data
       ------                         ----   -------   -------
    .\
       tm4c123gh6pm_startup_ccs.obj   12     620       0      
       step7-3.obj                    348    0         0      
    +--+------------------------------+------+---------+---------+
       Total:                         360    620       0      
                                                              
    ../driverlib.lib
       gpio.obj                       468    0         0      
       sysctl.obj                     302    0         0      
    +--+------------------------------+------+---------+---------+
       Total:                         770    0         0      
                                                              
    C:\ti\ccs1240\ccs\tools\compiler\ti-cgt-arm_20.2.7.LTS\lib\rtsv7M4_T_le_v4SPD16_eabi.lib
       boot_cortex_m.c.obj            44     0         0      
       exit.c.obj                     4      0         0      
       pre_init.c.obj                 4      0         0      
    +--+------------------------------+------+---------+---------+
       Total:                         52     0         0      
                                                              
       Stack:                         0      0         512    
    +--+------------------------------+------+---------+---------+
       Grand Total:                   1182   620       512    


GLOBAL SYMBOLS: SORTED ALPHABETICALLY BY Name 

address   name                   
-------   ----                   
00000707  C$$EXIT                
0000065d  GPIODirModeSet         
0000026d  GPIOPadConfigSet       
000006f1  GPIOPinRead            
000006cf  GPIOPinTypeGPIOInput   
000006b5  GPIOPinTypeGPIOOutput  
000006f7  GPIOPinWrite           
000006e5  ResetISR               
00000535  SysCtlClockSet         
000006fd  SysCtlDelay            
00000629  SysCtlPeripheralEnable 
20000200  __STACK_END            
00000200  __STACK_SIZE           
20000200  __STACK_TOP            
ffffffff  __TI_pprof_out_hndl    
ffffffff  __TI_prof_data_size    
ffffffff  __TI_prof_data_start   
00000000  __TI_static_base__     
ffffffff  __binit__              
ffffffff  __c_args__             
UNDEFED   __mpu_init             
20000000  __stack                
20000000  __start___llvm_prf_cnts
20000000  __stop___llvm_prf_cnts 
00000689  _c_int00_noinit_noargs 
00000703  _system_pre_init       
00000707  abort                  
ffffffff  binit                  
00000000  g_pfnVectors           
000003d9  main                   


GLOBAL SYMBOLS: SORTED BY Symbol Address 

address   name                   
-------   ----                   
00000000  __TI_static_base__     
00000000  g_pfnVectors           
00000200  __STACK_SIZE           
0000026d  GPIOPadConfigSet       
000003d9  main                   
00000535  SysCtlClockSet         
00000629  SysCtlPeripheralEnable 
0000065d  GPIODirModeSet         
00000689  _c_int00_noinit_noargs 
000006b5  GPIOPinTypeGPIOOutput  
000006cf  GPIOPinTypeGPIOInput   
000006e5  ResetISR               
000006f1  GPIOPinRead            
000006f7  GPIOPinWrite           
000006fd  SysCtlDelay            
00000703  _system_pre_init       
00000707  C$$EXIT                
00000707  abort                  
20000000  __stack                
20000000  __start___llvm_prf_cnts
20000000  __stop___llvm_prf_cnts 
20000200  __STACK_END            
20000200  __STACK_TOP            
ffffffff  __TI_pprof_out_hndl    
ffffffff  __TI_prof_data_size    
ffffffff  __TI_prof_data_start   
ffffffff  __binit__              
ffffffff  __c_args__             
ffffffff  binit                  
UNDEFED   __mpu_init             

[30 symbols]
